
[1m[46m RUN [49m[22m [36mv4.0.18 [39m[90mC:/Users/tirup/OneDrive/Desktop/my_food/food-waste-platform/client[39m

node.exe : [2m3:14:19 
pm[22m [33m[1m[vite]
[22m[39m [33m[2m(cl
ient)[22m[39m 
[33mwarning: 
[33mDuplicate key 
"span" in object 
literal[33m
At line:1 char:1
+ & "C:\Program 
Files\nodejs/node.exe" 
"C:\Users\tirup\AppData
\Roaming\ ...
+ ~~~~~~~~~~~~~~~~~~~~~
~~~~~~~~~~~~~~~~~~~~~~~
~~~~~~~~~~~~~~~~~~~~~~~
~~
    + CategoryInfo     
         : NotSpecifi  
  ed: ([2m3:14:19 p   
 m...ct literal[3    
3m:String) [], Rem    
oteException
    + FullyQualifiedEr 
   rorId : NativeComm  
  andError
 
94 |      nav: ({ 
children, ...props }) 
=> <nav {...props}>{chi
ldren}</nav>,
95 |      span: ({ 
children, ...props }) 
=> <span {...props}>{ch
ildren}</span>,
96 |      span: ({ 
children, ...props }) 
=> <span {...props}>{ch
ildren}</span>,
   |      ^
97 |      button: ({ 
children, ...props }) 
=> <button {...props}>{
children}</button>,
98 |      section: ({ 
children, ...props }) 
=> <section {...props}>
{children}</section>,
[39m
  Plugin: 
[35mvite:esbuild[39m
  File: [36mC:/Users/t
irup/OneDrive/Desktop/m
y_food/food-waste-platf
orm/client/src/setupTes
ts.jsx[39m
[2m3:14:20 pm[22m [3
3m[1m[vite][22m[39m 
[33m[2m(client)[22m
[39m [33mwarning: 
[33mDuplicate key 
"span" in object 
literal[33m
9  |      nav: ({ 
children, ...props }) 
=> <nav {...props}>{chi
ldren}</nav>,
10 |      span: ({ 
children, ...props }) 
=> <span {...props}>{ch
ildren}</span>,
11 |      span: ({ 
children, ...props }) 
=> <span {...props}>{ch
ildren}</span>,
   |      ^
12 |      button: ({ 
children, ...props }) 
=> <button {...props}>{
children}</button>,
13 |      section: ({ 
children, ...props }) 
=> <section {...props}>
{children}</section>,
[39m
  Plugin: 
[35mvite:esbuild[39m
  File: [36mC:/Users/t
irup/OneDrive/Desktop/m
y_food/food-waste-platf
orm/client/src/tests/Na
vbar.test.jsx[39m
 [32mΓ£ô[39m src/tests/Router.test.jsx[2m > [22mRouter Test[2m > [22mshould import BrowserRouter[32m 1[2mms[22m[39m
 [32mΓ£ô[39m src/tests/Framer.test.jsx[2m > [22mFramer Motion Test[2m > [22mshould import motion[32m 2[2mms[22m[39m
 [32mΓ£ô[39m src/tests/Chatbot.test.jsx[2m > [22mChatbot Component[2m > [22mshould import Chatbot[32m 2[2mms[22m[39m
[90mstderr[2m | src/t
ests/Navbar.test.jsx[2
m > [22m[2mNavbar 
Component[2m > 
[22m[2mrenders Navbar
[22m[39mReact does 
not recognize the 
`whileHover` prop on a 
DOM element. If you 
intentionally want it 
to appear in the DOM 
as a custom attribute, 
spell it as lowercase 
`whilehover` instead. 
If you accidentally 
passed it from a 
parent component, 
remove it from the DOM 
element.
React does not 
recognize the 
`whileTap` prop on a 
DOM element. If you 
intentionally want it 
to appear in the DOM 
as a custom attribute, 
spell it as lowercase 
`whiletap` instead. If 
you accidentally 
passed it from a 
parent component, 
remove it from the DOM 
element.

 [32mΓ£ô[39m src/tests/NavbarSimple.test.jsx[2m > [22mNavbarSimple Component[2m > [22mrenders NavbarSimple[32m 66[2mms[22m[39m
 [32mΓ£ô[39m src/tests/Navbar.test.jsx[2m > [22mNavbar Component[2m > [22mrenders Navbar[32m 67[2mms[22m[39m
 [31m├ù[39m src/tests/Login.test.jsx[2m > [22mLogin Component[2m > [22mrenders login form properly[32m 55[2mms[22m[39m
[31m   ΓåÆ Unable to find an element with the placeholder text of: /john@example.com/i

Ignored nodes: comments, script, style
[36m<body>[31m
  [36m<div>[31m
    [36m<div[31m
      [33mclass[31m=[32m"min-h-screen flex bg-white font-sans"[31m
    [36m>[31m
      [36m<div[31m
        [33mclass[31m=[32m"w-full lg:w-1/2 flex flex-col px-8 sm:px-16 md:px-24 py-12 justify-center relative"[31m
      [36m>[31m
        [36m<a[31m
          [33mclass[31m=[32m"absolute top-8 left-8 sm:left-12 flex items-center text-gray-500 hover:text-emerald-700 transition-colors text-sm font-medium"[31m
          [33mdata-discover[31m=[32m"true"[31m
          [33mhref[31m=[32m"/"[31m
        [36m>[31m
          [36m<svg[31m
            [33maria-hidden[31m=[32m"true"[31m
            [33mclass[31m=[32m"lucide lucide-arrow-left mr-2"[31m
            [33mfill[31m=[32m"none"[31m
            [33mheight[31m=[32m"16"[31m
            [33mstroke[31m=[32m"currentColor"[31m
            [33mstroke-linecap[31m=[32m"round"[31m
            [33mstroke-linejoin[31m=[32m"round"[31m
            [33mstroke-width[31m=[32m"2"[31m
            [33mviewBox[31m=[32m"0 0 24 24"[31m
            [33mwidth[31m=[32m"16"[31m
            [33mxmlns[31m=[32m"http://www.w3.org/2000/svg"[31m
          [36m>[31m
            [36m<path[31m
              [33md[31m=[32m"m12 19-7-7 7-7"[31m
            [36m/>[31m
            [36m<path[31m
              [33md[31m=[32m"M19 12H5"[31m
            [36m/>[31m
          [36m</svg>[31m
          [0m Back to Home[0m
        [36m</a>[31m
        [36m<div[31m
          [33manimate[31m=[32m"[object Object]"[31m
          [33mclass[31m=[32m"max-w-md w-full mx-auto"[31m
          [33minitial[31m=[32m"[object Object]"[31m
          [33mtransition[31m=[32m"[object Object]"[31m
        [36m>[31m
          [36m<div[31m
            [33mclass[31m=[32m"mb-10"[31m
          [36m>[31m
            [36m<h2[31m
              [33mclass[31m=[32m"text-3xl md:text-4xl font-extrabold text-gray-900 tracking-tight mb-2"[31m
            [36m>[31m
              [0mWelcome back[0m
            [36m</h2>[31m
            [36m<p[31m
              [33mclass[31m=[32m"text-gray-500"[31m
            [36m>[31m
              [0mLog in to your GiveBite dashboard to continue making an impact.[0m
            [36m</p>[31m
          [36m</div>[31m
          [36m<form[31m
            [33mclass[31m=[32m"space-y-6"[31m
          [36m>[31m
            [36m<div>[31m
              [36m<label[31m
                [33mclass[31m=[32m"block text-sm font-bold text-gray-700 mb-2"[31m
                [33mfor[31m=[32m"email"[31m
              [36m>[31m
                [0mEmail Address[0m
              [36m</label>[31m
              [36m<input[31m
                [33mclass[31m=[32m"w-full px-4 py-3.5 bg-gray-50 border border-gray-200 rounded-xl focus:bg-white focus:ring-2 focus:ring-emerald-500/50 focus:border-emerald-500 outline-none transition-all disabled:opacity-50"[31m
                [33mid[31m=[32m"email"[31m
                [33mplaceholder[31m=[32m"name@organization.com"[31m
                [33mrequired[31m=[32m""[31m
                [33mtype[31m=[32m"email"[31m
                [33mvalue[31m=[32m""[31m
              [36m/>[31m
            [36m</div>[31m
            [36m<div>[31m
              [36m<div[31m
                [33mclass[31m=[32m"flex justify-between items-center mb-2"[31m
              [36m>[31m
                [36m<label[31m
                  [33mclass[31m=[32m"block text-sm font-bold text-gray-700"[31m
                  [33mfor[31m=[32m"password"[31m
                [36m>[31m
                  [0mPassword[0m
                [36m</label>[31m
                [36m<a[31m
                  [33mclass[31m=[32m"text-sm text-emerald-600 hover:text-emerald-800 font-semibold transition-colors"[31m
                  [33mdata-discover[31m=[32m"true"[31m
                  [33mhref[31m=[32m"/forgot-password"[31m
                [36m>[31m
                  [0mForgot password?[0m
                [36m</a>[31m
              [36m</div>[31m
              [36m<div[31m
                [33mclass[31m=[32m"relative"[31m
              [36m>[31m
                [36m<input[31m
                  [33mclass[31m=[32m"w-full px-4 py-3.5 bg-gray-50 border border-gray-200 rounded-xl focus:bg-white focus:ring-2 focus:ring-emerald-500/50 focus:border-emerald-500 outline-none transition-all pr-12 disabled:opacity-50"[31m
                  [33mid[31m=[32m"password"[31m
                  [33mplaceholder[31m=[32m"ΓÇóΓÇóΓÇóΓÇóΓÇóΓÇóΓÇóΓÇó"[31m
                  [33mrequired[31m=[32m""[31m
                  [33mtype[31m=[32m"password"[31m
                  [33mvalue[31m=[32m""[31m
                [36m/>[31m
                [36m<button[31m
                  [33mclass[31m=[32m"absolute right-4 top-1/2 -translate-y-1/2 text-gray-400 hover:text-gray-600"[31m
                  [33mtype[31m=[32m"button"[31m
                [36m>[31m
                  [36m<svg[31m
                    [33maria-hidden[31m=[32m"true"[31m
                    [33mclass[31m=[32m"lucide lucide-eye"[31m
                    [33mfill[31m=[32m"none"[31m
                    [33mheight[31m=[32m"20"[31m
                    [33mstroke[31m=[32m"currentColor"[31m
                    [33mstroke-linecap[31m=[32m"round"[31m
                    [33mstroke-linejoin[31m=[32m"round"[31m
                    [33mstroke-width[31m=[32m"2"[31m
                    [33mviewBox[31m=[32m"0 0 24 24"[31m
                    [33mwidth[31m=[32m"20"[31m
                    [33mxmlns[31m=[32m"http://www.w3.org/2000/svg"[31m
                  [36m>[31m
                    [36m<path[31m
                      [33md[31m=[32m"M2.062 12.348a1 1 0 0 1 0-.696 10.75 10.75 0 0 1 19.876 0 1 1 0 0 1 0 .696 10.75 10.75 0 0 1-19.876 0"[31m
                    [36m/>[31m
                    [36m<circle[31m
                      [33mcx[31m=[32m"12"[31m
                      [33mcy[31m=[32m"12"[31m
                      [33mr[31m=[32m"3"[31m
                    [36m/>[31m
                  [36m</svg>[31m
                [36m</button>[31m
              [36m</div>[31m
            [36m</div>[31m
            [36m<button[31m
              [33mclass[31m=[32m"w-full flex items-center justify-center bg-emerald-800 hover:bg-emerald-900 text-white font-bold py-4 rounded-xl shadow-lg shadow-emerald-900/20 transition-all hover:-translate-y-0.5 disabled:opacity-70 disabled:hover:translate-y-0"[31m
              [33mtype[31m=[32m"submit"[31m
            [36m>[31m
              [0mSign In[0m
            [36m</button>[31m
          [36m</form>[31m
          [36m<p[31m
            [33mclass[31m=[32m"mt-8 text-center text-gray-600"[31m
          [36m>[31m
            [0mDon't have an account?[0m
            [0m [0m
            [36m<a[31m
              [33mclass[31m=[32m"text-orange-600 font-bold hover:text-orange-700 transition-colors"[31m
              [33mdata-discover[31m=[32m"true"[31m
              [33mhref[31m=[32m"/register"[31m
            [36m>[31m
              [0mCreate an account[0m
            [36m</a>[31m
          [36m</p>[31m
        [36m</div>[31m
      [36m</div>[31m
      [36m<div[31m
        [33mclass[31m=[32m"hidden lg:flex w-1/2 bg-emerald-900 relative overflow-hidden"[31m
      [36m>[31m
        [36m<div[31m
          [33mclass[31m=[32m"absolute top-0 right-0 w-[800px] h-[800px] bg-emerald-800 rounded-full blur-3xl opacity-50 translate-x-1/3 -translate-y-1/3"[31m
        [36m/>[31m
        [36m<div[31m
          [33mclass[31m=[32m"absolute bottom-0 left-0 w-[600px] h-[600px] bg-emerald-950 rounded-full blur-3xl opacity-50 -translate-x-1/3 translate-y-1/3"[31m
        [36m/>[31m
        [36m<img[31m
          [33malt[31m=[32m"Food Donation"[31m
          [33mclass[31m=[32m"absolute inset-0 w-full h-full object-cover mix-blend-overlay opacity-60"[31m
          [33msrc[31m=[32m"https://images.unsplash.com/photo-1593113565214-80afcb4a45d7?q=80&w=2070&auto=format&fit=crop"[31m
        [36m/>[31m
        [36m<div[31m
          [33mclass[31m=[32m"relative z-10 p-16 flex flex-col justify-end h-full"[31m
        [36m>[31m
          [36m<div[31m
            [33mclass[31m=[32m"bg-white/10 backdrop-blur-md border border-white/20 p-8 rounded-3xl max-w-lg"[31m
          [36m>[31m
            [36m<svg[31m
              [33maria-hidden[31m=[32m"true"[31m
              [33mclass[31m=[32m"lucide lucide-leaf text-orange-400 mb-6"[31m
              [33mfill[31m=[32m"none"[31m
              [33mheight[31m=[32m"40"[31m
              [33mstroke[31m=[32m"currentColor"[31m
              [33mstroke-linecap[31m=[32m"round"[31m
              [33mstroke-linejoin[31m=[32m"round"[31m
              [33mstroke-width[31m=[32m"2"[31m
              [33mviewBox[31m=[32m"0 0 24 24"[31m
              [33mwidth[31m=[32m"40"[31m
              [33mxmlns[31m=[32m"http://www.w3.org/2000/svg"[31m
            [36m>[31m
              [36m<path[31m
                [33md[31m=[32m"M11 20A7 7 0 0 1 9.8 6.1C15.5 5 17 4.48 19 2c1 2 2 4.18 2 8 0 5.5-4.78 10-10 10Z"[31m
              [36m/>[31m
              [36m<path[31m
                [33md[31m=[32m"M2 21c0-3 1.85-5.36 5.08-6C9.5 14.52 12 13 13 12"[31m
              [36m/>[31m
            [36m</svg>[31m
            [36m<h3[31m
              [33mclass[31m=[32m"text-2xl font-bold text-white mb-4 leading-snug"[31m
            [36m>[31m
              [0m"GiveBite transformed how we handle our surplus. ItΓÇÖs not just a platform; itΓÇÖs a vital logistics network."[0m
            [36m</h3>[31m
            [36m<p[31m
              [33mclass[31m=[32m"text-emerald-100 font-medium"[31m
            [36m>[31m
              [0mΓÇö Tirupathi Reddy, Operations Director[0m
            [36m</p>[31m
          [36m</div>[31m
        [36m</div>[31m
      [36m</div>[31m
    [36m</div>[31m
  [36m</div>[31m
[36m</body>[31m[39m
 [31m├ù[39m src/tests/Login.test.jsx[2m > [22mLogin Component[2m > [22mhandles input changes[32m 9[2mms[22m[39m
[31m   ΓåÆ Unable to find an element with the placeholder text of: /john@example.com/i

Ignored nodes: comments, script, style
[36m<body>[31m
  [36m<div>[31m
    [36m<div[31m
      [33mclass[31m=[32m"min-h-screen flex bg-white font-sans"[31m
    [36m>[31m
      [36m<div[31m
        [33mclass[31m=[32m"w-full lg:w-1/2 flex flex-col px-8 sm:px-16 md:px-24 py-12 justify-center relative"[31m
      [36m>[31m
        [36m<a[31m
          [33mclass[31m=[32m"absolute top-8 left-8 sm:left-12 flex items-center text-gray-500 hover:text-emerald-700 transition-colors text-sm font-medium"[31m
          [33mdata-discover[31m=[32m"true"[31m
          [33mhref[31m=[32m"/"[31m
        [36m>[31m
          [36m<svg[31m
            [33maria-hidden[31m=[32m"true"[31m
            [33mclass[31m=[32m"lucide lucide-arrow-left mr-2"[31m
            [33mfill[31m=[32m"none"[31m
            [33mheight[31m=[32m"16"[31m
            [33mstroke[31m=[32m"currentColor"[31m
            [33mstroke-linecap[31m=[32m"round"[31m
            [33mstroke-linejoin[31m=[32m"round"[31m
            [33mstroke-width[31m=[32m"2"[31m
            [33mviewBox[31m=[32m"0 0 24 24"[31m
            [33mwidth[31m=[32m"16"[31m
            [33mxmlns[31m=[32m"http://www.w3.org/2000/svg"[31m
          [36m>[31m
            [36m<path[31m
              [33md[31m=[32m"m12 19-7-7 7-7"[31m
            [36m/>[31m
            [36m<path[31m
              [33md[31m=[32m"M19 12H5"[31m
            [36m/>[31m
          [36m</svg>[31m
          [0m Back to Home[0m
        [36m</a>[31m
        [36m<div[31m
          [33manimate[31m=[32m"[object Object]"[31m
          [33mclass[31m=[32m"max-w-md w-full mx-auto"[31m
          [33minitial[31m=[32m"[object Object]"[31m
          [33mtransition[31m=[32m"[object Object]"[31m
        [36m>[31m
          [36m<div[31m
            [33mclass[31m=[32m"mb-10"[31m
          [36m>[31m
            [36m<h2[31m
              [33mclass[31m=[32m"text-3xl md:text-4xl font-extrabold text-gray-900 tracking-tight mb-2"[31m
            [36m>[31m
              [0mWelcome back[0m
            [36m</h2>[31m
            [36m<p[31m
              [33mclass[31m=[32m"text-gray-500"[31m
            [36m>[31m
              [0mLog in to your GiveBite dashboard to continue making an impact.[0m
            [36m</p>[31m
          [36m</div>[31m
          [36m<form[31m
            [33mclass[31m=[32m"space-y-6"[31m
          [36m>[31m
            [36m<div>[31m
              [36m<label[31m
                [33mclass[31m=[32m"block text-sm font-bold text-gray-700 mb-2"[31m
                [33mfor[31m=[32m"email"[31m
              [36m>[31m
                [0mEmail Address[0m
              [36m</label>[31m
              [36m<input[31m
                [33mclass[31m=[32m"w-full px-4 py-3.5 bg-gray-50 border border-gray-200 rounded-xl focus:bg-white focus:ring-2 focus:ring-emerald-500/50 focus:border-emerald-500 outline-none transition-all disabled:opacity-50"[31m
                [33mid[31m=[32m"email"[31m
                [33mplaceholder[31m=[32m"name@organization.com"[31m
                [33mrequired[31m=[32m""[31m
                [33mtype[31m=[32m"email"[31m
                [33mvalue[31m=[32m""[31m
              [36m/>[31m
            [36m</div>[31m
            [36m<div>[31m
              [36m<div[31m
                [33mclass[31m=[32m"flex justify-between items-center mb-2"[31m
              [36m>[31m
                [36m<label[31m
                  [33mclass[31m=[32m"block text-sm font-bold text-gray-700"[31m
                  [33mfor[31m=[32m"password"[31m
                [36m>[31m
                  [0mPassword[0m
                [36m</label>[31m
                [36m<a[31m
                  [33mclass[31m=[32m"text-sm text-emerald-600 hover:text-emerald-800 font-semibold transition-colors"[31m
                  [33mdata-discover[31m=[32m"true"[31m
                  [33mhref[31m=[32m"/forgot-password"[31m
                [36m>[31m
                  [0mForgot password?[0m
                [36m</a>[31m
              [36m</div>[31m
              [36m<div[31m
                [33mclass[31m=[32m"relative"[31m
              [36m>[31m
                [36m<input[31m
                  [33mclass[31m=[32m"w-full px-4 py-3.5 bg-gray-50 border border-gray-200 rounded-xl focus:bg-white focus:ring-2 focus:ring-emerald-500/50 focus:border-emerald-500 outline-none transition-all pr-12 disabled:opacity-50"[31m
                  [33mid[31m=[32m"password"[31m
                  [33mplaceholder[31m=[32m"ΓÇóΓÇóΓÇóΓÇóΓÇóΓÇóΓÇóΓÇó"[31m
                  [33mrequired[31m=[32m""[31m
                  [33mtype[31m=[32m"password"[31m
                  [33mvalue[31m=[32m""[31m
                [36m/>[31m
                [36m<button[31m
                  [33mclass[31m=[32m"absolute right-4 top-1/2 -translate-y-1/2 text-gray-400 hover:text-gray-600"[31m
                  [33mtype[31m=[32m"button"[31m
                [36m>[31m
                  [36m<svg[31m
                    [33maria-hidden[31m=[32m"true"[31m
                    [33mclass[31m=[32m"lucide lucide-eye"[31m
                    [33mfill[31m=[32m"none"[31m
                    [33mheight[31m=[32m"20"[31m
                    [33mstroke[31m=[32m"currentColor"[31m
                    [33mstroke-linecap[31m=[32m"round"[31m
                    [33mstroke-linejoin[31m=[32m"round"[31m
                    [33mstroke-width[31m=[32m"2"[31m
                    [33mviewBox[31m=[32m"0 0 24 24"[31m
                    [33mwidth[31m=[32m"20"[31m
                    [33mxmlns[31m=[32m"http://www.w3.org/2000/svg"[31m
                  [36m>[31m
                    [36m<path[31m
                      [33md[31m=[32m"M2.062 12.348a1 1 0 0 1 0-.696 10.75 10.75 0 0 1 19.876 0 1 1 0 0 1 0 .696 10.75 10.75 0 0 1-19.876 0"[31m
                    [36m/>[31m
                    [36m<circle[31m
                      [33mcx[31m=[32m"12"[31m
                      [33mcy[31m=[32m"12"[31m
                      [33mr[31m=[32m"3"[31m
                    [36m/>[31m
                  [36m</svg>[31m
                [36m</button>[31m
              [36m</div>[31m
            [36m</div>[31m
            [36m<button[31m
              [33mclass[31m=[32m"w-full flex items-center justify-center bg-emerald-800 hover:bg-emerald-900 text-white font-bold py-4 rounded-xl shadow-lg shadow-emerald-900/20 transition-all hover:-translate-y-0.5 disabled:opacity-70 disabled:hover:translate-y-0"[31m
              [33mtype[31m=[32m"submit"[31m
            [36m>[31m
              [0mSign In[0m
            [36m</button>[31m
          [36m</form>[31m
          [36m<p[31m
            [33mclass[31m=[32m"mt-8 text-center text-gray-600"[31m
          [36m>[31m
            [0mDon't have an account?[0m
            [0m [0m
            [36m<a[31m
              [33mclass[31m=[32m"text-orange-600 font-bold hover:text-orange-700 transition-colors"[31m
              [33mdata-discover[31m=[32m"true"[31m
              [33mhref[31m=[32m"/register"[31m
            [36m>[31m
              [0mCreate an account[0m
            [36m</a>[31m
          [36m</p>[31m
        [36m</div>[31m
      [36m</div>[31m
      [36m<div[31m
        [33mclass[31m=[32m"hidden lg:flex w-1/2 bg-emerald-900 relative overflow-hidden"[31m
      [36m>[31m
        [36m<div[31m
          [33mclass[31m=[32m"absolute top-0 right-0 w-[800px] h-[800px] bg-emerald-800 rounded-full blur-3xl opacity-50 translate-x-1/3 -translate-y-1/3"[31m
        [36m/>[31m
        [36m<div[31m
          [33mclass[31m=[32m"absolute bottom-0 left-0 w-[600px] h-[600px] bg-emerald-950 rounded-full blur-3xl opacity-50 -translate-x-1/3 translate-y-1/3"[31m
        [36m/>[31m
        [36m<img[31m
          [33malt[31m=[32m"Food Donation"[31m
          [33mclass[31m=[32m"absolute inset-0 w-full h-full object-cover mix-blend-overlay opacity-60"[31m
          [33msrc[31m=[32m"https://images.unsplash.com/photo-1593113565214-80afcb4a45d7?q=80&w=2070&auto=format&fit=crop"[31m
        [36m/>[31m
        [36m<div[31m
          [33mclass[31m=[32m"relative z-10 p-16 flex flex-col justify-end h-full"[31m
        [36m>[31m
          [36m<div[31m
            [33mclass[31m=[32m"bg-white/10 backdrop-blur-md border border-white/20 p-8 rounded-3xl max-w-lg"[31m
          [36m>[31m
            [36m<svg[31m
              [33maria-hidden[31m=[32m"true"[31m
              [33mclass[31m=[32m"lucide lucide-leaf text-orange-400 mb-6"[31m
              [33mfill[31m=[32m"none"[31m
              [33mheight[31m=[32m"40"[31m
              [33mstroke[31m=[32m"currentColor"[31m
              [33mstroke-linecap[31m=[32m"round"[31m
              [33mstroke-linejoin[31m=[32m"round"[31m
              [33mstroke-width[31m=[32m"2"[31m
              [33mviewBox[31m=[32m"0 0 24 24"[31m
              [33mwidth[31m=[32m"40"[31m
              [33mxmlns[31m=[32m"http://www.w3.org/2000/svg"[31m
            [36m>[31m
              [36m<path[31m
                [33md[31m=[32m"M11 20A7 7 0 0 1 9.8 6.1C15.5 5 17 4.48 19 2c1 2 2 4.18 2 8 0 5.5-4.78 10-10 10Z"[31m
              [36m/>[31m
              [36m<path[31m
                [33md[31m=[32m"M2 21c0-3 1.85-5.36 5.08-6C9.5 14.52 12 13 13 12"[31m
              [36m/>[31m
            [36m</svg>[31m
            [36m<h3[31m
              [33mclass[31m=[32m"text-2xl font-bold text-white mb-4 leading-snug"[31m
            [36m>[31m
              [0m"GiveBite transformed how we handle our surplus. ItΓÇÖs not just a platform; itΓÇÖs a vital logistics network."[0m
            [36m</h3>[31m
            [36m<p[31m
              [33mclass[31m=[32m"text-emerald-100 font-medium"[31m
            [36m>[31m
              [0mΓÇö Tirupathi Reddy, Operations Director[0m
            [36m</p>[31m
          [36m</div>[31m
        [36m</div>[31m
      [36m</div>[31m
    [36m</div>[31m
  [36m</div>[31m
[36m</body>[31m[39m
 [31m├ù[39m src/tests/Login.test.jsx[2m > [22mLogin Component[2m > [22mhandles successful login[32m 8[2mms[22m[39m
[31m   ΓåÆ Unable to find an element with the placeholder text of: /john@example.com/i

Ignored nodes: comments, script, style
[36m<body>[31m
  [36m<div>[31m
    [36m<div[31m
      [33mclass[31m=[32m"min-h-screen flex bg-white font-sans"[31m
    [36m>[31m
      [36m<div[31m
        [33mclass[31m=[32m"w-full lg:w-1/2 flex flex-col px-8 sm:px-16 md:px-24 py-12 justify-center relative"[31m
      [36m>[31m
        [36m<a[31m
          [33mclass[31m=[32m"absolute top-8 left-8 sm:left-12 flex items-center text-gray-500 hover:text-emerald-700 transition-colors text-sm font-medium"[31m
          [33mdata-discover[31m=[32m"true"[31m
          [33mhref[31m=[32m"/"[31m
        [36m>[31m
          [36m<svg[31m
            [33maria-hidden[31m=[32m"true"[31m
            [33mclass[31m=[32m"lucide lucide-arrow-left mr-2"[31m
            [33mfill[31m=[32m"none"[31m
            [33mheight[31m=[32m"16"[31m
            [33mstroke[31m=[32m"currentColor"[31m
            [33mstroke-linecap[31m=[32m"round"[31m
            [33mstroke-linejoin[31m=[32m"round"[31m
            [33mstroke-width[31m=[32m"2"[31m
            [33mviewBox[31m=[32m"0 0 24 24"[31m
            [33mwidth[31m=[32m"16"[31m
            [33mxmlns[31m=[32m"http://www.w3.org/2000/svg"[31m
          [36m>[31m
            [36m<path[31m
              [33md[31m=[32m"m12 19-7-7 7-7"[31m
            [36m/>[31m
            [36m<path[31m
              [33md[31m=[32m"M19 12H5"[31m
            [36m/>[31m
          [36m</svg>[31m
          [0m Back to Home[0m
        [36m</a>[31m
        [36m<div[31m
          [33manimate[31m=[32m"[object Object]"[31m
          [33mclass[31m=[32m"max-w-md w-full mx-auto"[31m
          [33minitial[31m=[32m"[object Object]"[31m
          [33mtransition[31m=[32m"[object Object]"[31m
        [36m>[31m
          [36m<div[31m
            [33mclass[31m=[32m"mb-10"[31m
          [36m>[31m
            [36m<h2[31m
              [33mclass[31m=[32m"text-3xl md:text-4xl font-extrabold text-gray-900 tracking-tight mb-2"[31m
            [36m>[31m
              [0mWelcome back[0m
            [36m</h2>[31m
            [36m<p[31m
              [33mclass[31m=[32m"text-gray-500"[31m
            [36m>[31m
              [0mLog in to your GiveBite dashboard to continue making an impact.[0m
            [36m</p>[31m
          [36m</div>[31m
          [36m<form[31m
            [33mclass[31m=[32m"space-y-6"[31m
          [36m>[31m
            [36m<div>[31m
              [36m<label[31m
                [33mclass[31m=[32m"block text-sm font-bold text-gray-700 mb-2"[31m
                [33mfor[31m=[32m"email"[31m
              [36m>[31m
                [0mEmail Address[0m
              [36m</label>[31m
              [36m<input[31m
                [33mclass[31m=[32m"w-full px-4 py-3.5 bg-gray-50 border border-gray-200 rounded-xl focus:bg-white focus:ring-2 focus:ring-emerald-500/50 focus:border-emerald-500 outline-none transition-all disabled:opacity-50"[31m
                [33mid[31m=[32m"email"[31m
                [33mplaceholder[31m=[32m"name@organization.com"[31m
                [33mrequired[31m=[32m""[31m
                [33mtype[31m=[32m"email"[31m
                [33mvalue[31m=[32m""[31m
              [36m/>[31m
            [36m</div>[31m
            [36m<div>[31m
              [36m<div[31m
                [33mclass[31m=[32m"flex justify-between items-center mb-2"[31m
              [36m>[31m
                [36m<label[31m
                  [33mclass[31m=[32m"block text-sm font-bold text-gray-700"[31m
                  [33mfor[31m=[32m"password"[31m
                [36m>[31m
                  [0mPassword[0m
                [36m</label>[31m
                [36m<a[31m
                  [33mclass[31m=[32m"text-sm text-emerald-600 hover:text-emerald-800 font-semibold transition-colors"[31m
                  [33mdata-discover[31m=[32m"true"[31m
                  [33mhref[31m=[32m"/forgot-password"[31m
                [36m>[31m
                  [0mForgot password?[0m
                [36m</a>[31m
              [36m</div>[31m
              [36m<div[31m
                [33mclass[31m=[32m"relative"[31m
              [36m>[31m
                [36m<input[31m
                  [33mclass[31m=[32m"w-full px-4 py-3.5 bg-gray-50 border border-gray-200 rounded-xl focus:bg-white focus:ring-2 focus:ring-emerald-500/50 focus:border-emerald-500 outline-none transition-all pr-12 disabled:opacity-50"[31m
                  [33mid[31m=[32m"password"[31m
                  [33mplaceholder[31m=[32m"ΓÇóΓÇóΓÇóΓÇóΓÇóΓÇóΓÇóΓÇó"[31m
                  [33mrequired[31m=[32m""[31m
                  [33mtype[31m=[32m"password"[31m
                  [33mvalue[31m=[32m""[31m
                [36m/>[31m
                [36m<button[31m
                  [33mclass[31m=[32m"absolute right-4 top-1/2 -translate-y-1/2 text-gray-400 hover:text-gray-600"[31m
                  [33mtype[31m=[32m"button"[31m
                [36m>[31m
                  [36m<svg[31m
                    [33maria-hidden[31m=[32m"true"[31m
                    [33mclass[31m=[32m"lucide lucide-eye"[31m
                    [33mfill[31m=[32m"none"[31m
                    [33mheight[31m=[32m"20"[31m
                    [33mstroke[31m=[32m"currentColor"[31m
                    [33mstroke-linecap[31m=[32m"round"[31m
                    [33mstroke-linejoin[31m=[32m"round"[31m
                    [33mstroke-width[31m=[32m"2"[31m
                    [33mviewBox[31m=[32m"0 0 24 24"[31m
                    [33mwidth[31m=[32m"20"[31m
                    [33mxmlns[31m=[32m"http://www.w3.org/2000/svg"[31m
                  [36m>[31m
                    [36m<path[31m
                      [33md[31m=[32m"M2.062 12.348a1 1 0 0 1 0-.696 10.75 10.75 0 0 1 19.876 0 1 1 0 0 1 0 .696 10.75 10.75 0 0 1-19.876 0"[31m
                    [36m/>[31m
                    [36m<circle[31m
                      [33mcx[31m=[32m"12"[31m
                      [33mcy[31m=[32m"12"[31m
                      [33mr[31m=[32m"3"[31m
                    [36m/>[31m
                  [36m</svg>[31m
                [36m</button>[31m
              [36m</div>[31m
            [36m</div>[31m
            [36m<button[31m
              [33mclass[31m=[32m"w-full flex items-center justify-center bg-emerald-800 hover:bg-emerald-900 text-white font-bold py-4 rounded-xl shadow-lg shadow-emerald-900/20 transition-all hover:-translate-y-0.5 disabled:opacity-70 disabled:hover:translate-y-0"[31m
              [33mtype[31m=[32m"submit"[31m
            [36m>[31m
              [0mSign In[0m
            [36m</button>[31m
          [36m</form>[31m
          [36m<p[31m
            [33mclass[31m=[32m"mt-8 text-center text-gray-600"[31m
          [36m>[31m
            [0mDon't have an account?[0m
            [0m [0m
            [36m<a[31m
              [33mclass[31m=[32m"text-orange-600 font-bold hover:text-orange-700 transition-colors"[31m
              [33mdata-discover[31m=[32m"true"[31m
              [33mhref[31m=[32m"/register"[31m
            [36m>[31m
              [0mCreate an account[0m
            [36m</a>[31m
          [36m</p>[31m
        [36m</div>[31m
      [36m</div>[31m
      [36m<div[31m
        [33mclass[31m=[32m"hidden lg:flex w-1/2 bg-emerald-900 relative overflow-hidden"[31m
      [36m>[31m
        [36m<div[31m
          [33mclass[31m=[32m"absolute top-0 right-0 w-[800px] h-[800px] bg-emerald-800 rounded-full blur-3xl opacity-50 translate-x-1/3 -translate-y-1/3"[31m
        [36m/>[31m
        [36m<div[31m
          [33mclass[31m=[32m"absolute bottom-0 left-0 w-[600px] h-[600px] bg-emerald-950 rounded-full blur-3xl opacity-50 -translate-x-1/3 translate-y-1/3"[31m
        [36m/>[31m
        [36m<img[31m
          [33malt[31m=[32m"Food Donation"[31m
          [33mclass[31m=[32m"absolute inset-0 w-full h-full object-cover mix-blend-overlay opacity-60"[31m
          [33msrc[31m=[32m"https://images.unsplash.com/photo-1593113565214-80afcb4a45d7?q=80&w=2070&auto=format&fit=crop"[31m
        [36m/>[31m
        [36m<div[31m
          [33mclass[31m=[32m"relative z-10 p-16 flex flex-col justify-end h-full"[31m
        [36m>[31m
          [36m<div[31m
            [33mclass[31m=[32m"bg-white/10 backdrop-blur-md border border-white/20 p-8 rounded-3xl max-w-lg"[31m
          [36m>[31m
            [36m<svg[31m
              [33maria-hidden[31m=[32m"true"[31m
              [33mclass[31m=[32m"lucide lucide-leaf text-orange-400 mb-6"[31m
              [33mfill[31m=[32m"none"[31m
              [33mheight[31m=[32m"40"[31m
              [33mstroke[31m=[32m"currentColor"[31m
              [33mstroke-linecap[31m=[32m"round"[31m
              [33mstroke-linejoin[31m=[32m"round"[31m
              [33mstroke-width[31m=[32m"2"[31m
              [33mviewBox[31m=[32m"0 0 24 24"[31m
              [33mwidth[31m=[32m"40"[31m
              [33mxmlns[31m=[32m"http://www.w3.org/2000/svg"[31m
            [36m>[31m
              [36m<path[31m
                [33md[31m=[32m"M11 20A7 7 0 0 1 9.8 6.1C15.5 5 17 4.48 19 2c1 2 2 4.18 2 8 0 5.5-4.78 10-10 10Z"[31m
              [36m/>[31m
              [36m<path[31m
                [33md[31m=[32m"M2 21c0-3 1.85-5.36 5.08-6C9.5 14.52 12 13 13 12"[31m
              [36m/>[31m
            [36m</svg>[31m
            [36m<h3[31m
              [33mclass[31m=[32m"text-2xl font-bold text-white mb-4 leading-snug"[31m
            [36m>[31m
              [0m"GiveBite transformed how we handle our surplus. ItΓÇÖs not just a platform; itΓÇÖs a vital logistics network."[0m
            [36m</h3>[31m
            [36m<p[31m
              [33mclass[31m=[32m"text-emerald-100 font-medium"[31m
            [36m>[31m
              [0mΓÇö Tirupathi Reddy, Operations Director[0m
            [36m</p>[31m
          [36m</div>[31m
        [36m</div>[31m
      [36m</div>[31m
    [36m</div>[31m
  [36m</div>[31m
[36m</body>[31m[39m
 [31m├ù[39m src/tests/Login.test.jsx[2m > [22mLogin Component[2m > [22mshows error on failed login[32m 8[2mms[22m[39m
[31m   ΓåÆ Unable to find an element with the placeholder text of: /john@example.com/i

Ignored nodes: comments, script, style
[36m<body>[31m
  [36m<div>[31m
    [36m<div[31m
      [33mclass[31m=[32m"min-h-screen flex bg-white font-sans"[31m
    [36m>[31m
      [36m<div[31m
        [33mclass[31m=[32m"w-full lg:w-1/2 flex flex-col px-8 sm:px-16 md:px-24 py-12 justify-center relative"[31m
      [36m>[31m
        [36m<a[31m
          [33mclass[31m=[32m"absolute top-8 left-8 sm:left-12 flex items-center text-gray-500 hover:text-emerald-700 transition-colors text-sm font-medium"[31m
          [33mdata-discover[31m=[32m"true"[31m
          [33mhref[31m=[32m"/"[31m
        [36m>[31m
          [36m<svg[31m
            [33maria-hidden[31m=[32m"true"[31m
            [33mclass[31m=[32m"lucide lucide-arrow-left mr-2"[31m
            [33mfill[31m=[32m"none"[31m
            [33mheight[31m=[32m"16"[31m
            [33mstroke[31m=[32m"currentColor"[31m
            [33mstroke-linecap[31m=[32m"round"[31m
            [33mstroke-linejoin[31m=[32m"round"[31m
            [33mstroke-width[31m=[32m"2"[31m
            [33mviewBox[31m=[32m"0 0 24 24"[31m
            [33mwidth[31m=[32m"16"[31m
            [33mxmlns[31m=[32m"http://www.w3.org/2000/svg"[31m
          [36m>[31m
            [36m<path[31m
              [33md[31m=[32m"m12 19-7-7 7-7"[31m
            [36m/>[31m
            [36m<path[31m
              [33md[31m=[32m"M19 12H5"[31m
            [36m/>[31m
          [36m</svg>[31m
          [0m Back to Home[0m
        [36m</a>[31m
        [36m<div[31m
          [33manimate[31m=[32m"[object Object]"[31m
          [33mclass[31m=[32m"max-w-md w-full mx-auto"[31m
          [33minitial[31m=[32m"[object Object]"[31m
          [33mtransition[31m=[32m"[object Object]"[31m
        [36m>[31m
          [36m<div[31m
            [33mclass[31m=[32m"mb-10"[31m
          [36m>[31m
            [36m<h2[31m
              [33mclass[31m=[32m"text-3xl md:text-4xl font-extrabold text-gray-900 tracking-tight mb-2"[31m
            [36m>[31m
              [0mWelcome back[0m
            [36m</h2>[31m
            [36m<p[31m
              [33mclass[31m=[32m"text-gray-500"[31m
            [36m>[31m
              [0mLog in to your GiveBite dashboard to continue making an impact.[0m
            [36m</p>[31m
          [36m</div>[31m
          [36m<form[31m
            [33mclass[31m=[32m"space-y-6"[31m
          [36m>[31m
            [36m<div>[31m
              [36m<label[31m
                [33mclass[31m=[32m"block text-sm font-bold text-gray-700 mb-2"[31m
                [33mfor[31m=[32m"email"[31m
              [36m>[31m
                [0mEmail Address[0m
              [36m</label>[31m
              [36m<input[31m
                [33mclass[31m=[32m"w-full px-4 py-3.5 bg-gray-50 border border-gray-200 rounded-xl focus:bg-white focus:ring-2 focus:ring-emerald-500/50 focus:border-emerald-500 outline-none transition-all disabled:opacity-50"[31m
                [33mid[31m=[32m"email"[31m
                [33mplaceholder[31m=[32m"name@organization.com"[31m
                [33mrequired[31m=[32m""[31m
                [33mtype[31m=[32m"email"[31m
                [33mvalue[31m=[32m""[31m
              [36m/>[31m
            [36m</div>[31m
            [36m<div>[31m
              [36m<div[31m
                [33mclass[31m=[32m"flex justify-between items-center mb-2"[31m
              [36m>[31m
                [36m<label[31m
                  [33mclass[31m=[32m"block text-sm font-bold text-gray-700"[31m
                  [33mfor[31m=[32m"password"[31m
                [36m>[31m
                  [0mPassword[0m
                [36m</label>[31m
                [36m<a[31m
                  [33mclass[31m=[32m"text-sm text-emerald-600 hover:text-emerald-800 font-semibold transition-colors"[31m
                  [33mdata-discover[31m=[32m"true"[31m
                  [33mhref[31m=[32m"/forgot-password"[31m
                [36m>[31m
                  [0mForgot password?[0m
                [36m</a>[31m
              [36m</div>[31m
              [36m<div[31m
                [33mclass[31m=[32m"relative"[31m
              [36m>[31m
                [36m<input[31m
                  [33mclass[31m=[32m"w-full px-4 py-3.5 bg-gray-50 border border-gray-200 rounded-xl focus:bg-white focus:ring-2 focus:ring-emerald-500/50 focus:border-emerald-500 outline-none transition-all pr-12 disabled:opacity-50"[31m
                  [33mid[31m=[32m"password"[31m
                  [33mplaceholder[31m=[32m"ΓÇóΓÇóΓÇóΓÇóΓÇóΓÇóΓÇóΓÇó"[31m
                  [33mrequired[31m=[32m""[31m
                  [33mtype[31m=[32m"password"[31m
                  [33mvalue[31m=[32m""[31m
                [36m/>[31m
                [36m<button[31m
                  [33mclass[31m=[32m"absolute right-4 top-1/2 -translate-y-1/2 text-gray-400 hover:text-gray-600"[31m
                  [33mtype[31m=[32m"button"[31m
                [36m>[31m
                  [36m<svg[31m
                    [33maria-hidden[31m=[32m"true"[31m
                    [33mclass[31m=[32m"lucide lucide-eye"[31m
                    [33mfill[31m=[32m"none"[31m
                    [33mheight[31m=[32m"20"[31m
                    [33mstroke[31m=[32m"currentColor"[31m
                    [33mstroke-linecap[31m=[32m"round"[31m
                    [33mstroke-linejoin[31m=[32m"round"[31m
                    [33mstroke-width[31m=[32m"2"[31m
                    [33mviewBox[31m=[32m"0 0 24 24"[31m
                    [33mwidth[31m=[32m"20"[31m
                    [33mxmlns[31m=[32m"http://www.w3.org/2000/svg"[31m
                  [36m>[31m
                    [36m<path[31m
                      [33md[31m=[32m"M2.062 12.348a1 1 0 0 1 0-.696 10.75 10.75 0 0 1 19.876 0 1 1 0 0 1 0 .696 10.75 10.75 0 0 1-19.876 0"[31m
                    [36m/>[31m
                    [36m<circle[31m
                      [33mcx[31m=[32m"12"[31m
                      [33mcy[31m=[32m"12"[31m
                      [33mr[31m=[32m"3"[31m
                    [36m/>[31m
                  [36m</svg>[31m
                [36m</button>[31m
              [36m</div>[31m
            [36m</div>[31m
            [36m<button[31m
              [33mclass[31m=[32m"w-full flex items-center justify-center bg-emerald-800 hover:bg-emerald-900 text-white font-bold py-4 rounded-xl shadow-lg shadow-emerald-900/20 transition-all hover:-translate-y-0.5 disabled:opacity-70 disabled:hover:translate-y-0"[31m
              [33mtype[31m=[32m"submit"[31m
            [36m>[31m
              [0mSign In[0m
            [36m</button>[31m
          [36m</form>[31m
          [36m<p[31m
            [33mclass[31m=[32m"mt-8 text-center text-gray-600"[31m
          [36m>[31m
            [0mDon't have an account?[0m
            [0m [0m
            [36m<a[31m
              [33mclass[31m=[32m"text-orange-600 font-bold hover:text-orange-700 transition-colors"[31m
              [33mdata-discover[31m=[32m"true"[31m
              [33mhref[31m=[32m"/register"[31m
            [36m>[31m
              [0mCreate an account[0m
            [36m</a>[31m
          [36m</p>[31m
        [36m</div>[31m
      [36m</div>[31m
      [36m<div[31m
        [33mclass[31m=[32m"hidden lg:flex w-1/2 bg-emerald-900 relative overflow-hidden"[31m
      [36m>[31m
        [36m<div[31m
          [33mclass[31m=[32m"absolute top-0 right-0 w-[800px] h-[800px] bg-emerald-800 rounded-full blur-3xl opacity-50 translate-x-1/3 -translate-y-1/3"[31m
        [36m/>[31m
        [36m<div[31m
          [33mclass[31m=[32m"absolute bottom-0 left-0 w-[600px] h-[600px] bg-emerald-950 rounded-full blur-3xl opacity-50 -translate-x-1/3 translate-y-1/3"[31m
        [36m/>[31m
        [36m<img[31m
          [33malt[31m=[32m"Food Donation"[31m
          [33mclass[31m=[32m"absolute inset-0 w-full h-full object-cover mix-blend-overlay opacity-60"[31m
          [33msrc[31m=[32m"https://images.unsplash.com/photo-1593113565214-80afcb4a45d7?q=80&w=2070&auto=format&fit=crop"[31m
        [36m/>[31m
        [36m<div[31m
          [33mclass[31m=[32m"relative z-10 p-16 flex flex-col justify-end h-full"[31m
        [36m>[31m
          [36m<div[31m
            [33mclass[31m=[32m"bg-white/10 backdrop-blur-md border border-white/20 p-8 rounded-3xl max-w-lg"[31m
          [36m>[31m
            [36m<svg[31m
              [33maria-hidden[31m=[32m"true"[31m
              [33mclass[31m=[32m"lucide lucide-leaf text-orange-400 mb-6"[31m
              [33mfill[31m=[32m"none"[31m
              [33mheight[31m=[32m"40"[31m
              [33mstroke[31m=[32m"currentColor"[31m
              [33mstroke-linecap[31m=[32m"round"[31m
              [33mstroke-linejoin[31m=[32m"round"[31m
              [33mstroke-width[31m=[32m"2"[31m
              [33mviewBox[31m=[32m"0 0 24 24"[31m
              [33mwidth[31m=[32m"40"[31m
              [33mxmlns[31m=[32m"http://www.w3.org/2000/svg"[31m
            [36m>[31m
              [36m<path[31m
                [33md[31m=[32m"M11 20A7 7 0 0 1 9.8 6.1C15.5 5 17 4.48 19 2c1 2 2 4.18 2 8 0 5.5-4.78 10-10 10Z"[31m
              [36m/>[31m
              [36m<path[31m
                [33md[31m=[32m"M2 21c0-3 1.85-5.36 5.08-6C9.5 14.52 12 13 13 12"[31m
              [36m/>[31m
            [36m</svg>[31m
            [36m<h3[31m
              [33mclass[31m=[32m"text-2xl font-bold text-white mb-4 leading-snug"[31m
            [36m>[31m
              [0m"GiveBite transformed how we handle our surplus. ItΓÇÖs not just a platform; itΓÇÖs a vital logistics network."[0m
            [36m</h3>[31m
            [36m<p[31m
              [33mclass[31m=[32m"text-emerald-100 font-medium"[31m
            [36m>[31m
              [0mΓÇö Tirupathi Reddy, Operations Director[0m
            [36m</p>[31m
          [36m</div>[31m
        [36m</div>[31m
      [36m</div>[31m
    [36m</div>[31m
  [36m</div>[31m
[36m</body>[31m[39m
[90mstderr[2m | src/t
ests/App.test.jsx[2m 
> [22m[2mApp 
Component[2m > 
[22m[2mrenders App
[22m[39mReact does 
not recognize the 
`whileHover` prop on a 
DOM element. If you 
intentionally want it 
to appear in the DOM 
as a custom attribute, 
spell it as lowercase 
`whilehover` instead. 
If you accidentally 
passed it from a 
parent component, 
remove it from the DOM 
element.
React does not 
recognize the 
`whileTap` prop on a 
DOM element. If you 
intentionally want it 
to appear in the DOM 
as a custom attribute, 
spell it as lowercase 
`whiletap` instead. If 
you accidentally 
passed it from a 
parent component, 
remove it from the DOM 
element.
React does not 
recognize the 
`whileInView` prop on 
a DOM element. If you 
intentionally want it 
to appear in the DOM 
as a custom attribute, 
spell it as lowercase 
`whileinview` instead. 
If you accidentally 
passed it from a 
parent component, 
remove it from the DOM 
element.

 [32mΓ£ô[39m src/tests/App.test.jsx[2m > [22mApp Component[2m > [22mrenders App[32m 61[2mms[22m[39m
 [32mΓ£ô[39m src/tests/App.test.jsx[2m > [22mApp Component[2m > [22mshould be true[32m 0[2mms[22m[39m

[31mΓÄ»ΓÄ»ΓÄ»ΓÄ»ΓÄ»ΓÄ»
ΓÄ»[39m[1m[41m 
Failed Tests 4 [49m[2
2m[31mΓÄ»ΓÄ»ΓÄ»ΓÄ»ΓÄ»Γ
Ä»ΓÄ»[39m

[41m[1m FAIL 
[22m[49m src/tests/Lo
gin.test.jsx[2m > 
[22mLogin 
Component[2m > 
[22mrenders login 
form properly
[31m[1mTestingLibrary
ElementError[22m[39m:
 Unable to find an 
element with the 
placeholder text of: 
/john@example.com/i

Ignored nodes: 
comments, script, style
[36m<body>[39m
  [36m<div>[39m
    [36m<div[39m
      [33mclass[39m=
[32m"min-h-screen flex 
bg-white 
font-sans"[39m
    [36m>[39m
      [36m<div[39m
        [33mclass[39m
=[32m"w-full lg:w-1/2 
flex flex-col px-8 
sm:px-16 md:px-24 
py-12 justify-center 
relative"[39m
      [36m>[39m
        [36m<a[39m
          [33mclass[3
9m=[32m"absolute 
top-8 left-8 
sm:left-12 flex 
items-center 
text-gray-500 
hover:text-emerald-700 
transition-colors 
text-sm 
font-medium"[39m
          [33mdata-dis
cover[39m=[32m"true"
[39m
          [33mhref[39
m=[32m"/"[39m
        [36m>[39m
          
[36m<svg[39m
            [33maria-h
idden[39m=[32m"true"
[39m
            [33mclass
[39m=[32m"lucide 
lucide-arrow-left 
mr-2"[39m
            [33mfill[
39m=[32m"none"[39m
            [33mheight
[39m=[32m"16"[39m
            [33mstroke
[39m=[32m"currentColo
r"[39m
            [33mstroke
-linecap[39m=[32m"rou
nd"[39m
            [33mstroke
-linejoin[39m=[32m"ro
und"[39m
            [33mstroke
-width[39m=[32m"2"[3
9m
            [33mviewBo
x[39m=[32m"0 0 24 
24"[39m
            [33mwidth
[39m=[32m"16"[39m
            [33mxmlns
[39m=[32m"http://www.w
3.org/2000/svg"[39m
          [36m>[39m
            
[36m<path[39m
              
[33md[39m=[32m"m12 
19-7-7 7-7"[39m
            
[36m/>[39m
            
[36m<path[39m
              
[33md[39m=[32m"M19 
12H5"[39m
            
[36m/>[39m
          
[36m</svg>[39m
          [0m Back to 
Home[0m
        [36m</a>[39m
        [36m<div[39m
          [33manimate
[39m=[32m"[object 
Object]"[39m
          [33mclass[3
9m=[32m"max-w-md 
w-full mx-auto"[39m
          [33minitial
[39m=[32m"[object 
Object]"[39m
          [33mtransiti
on[39m=[32m"[object 
Object]"[39m
        [36m>[39m
          
[36m<div[39m
            [33mclass
[39m=[32m"mb-10"[39m
          [36m>[39m
            
[36m<h2[39m
              [33mclas
s[39m=[32m"text-3xl 
md:text-4xl 
font-extrabold 
text-gray-900 
tracking-tight 
mb-2"[39m
            [36m>[39m
              
[0mWelcome back[0m
            
[36m</h2>[39m
            
[36m<p[39m
              [33mclas
s[39m=[32m"text-gray-
500"[39m
            [36m>[39m
              [0mLog 
in to your GiveBite 
dashboard to continue 
making an impact.[0m
            
[36m</p>[39m
          
[36m</div>[39m
          
[36m<form[39m
            [33mclass
[39m=[32m"space-y-6"[
39m
          [36m>[39m
            
[36m<div>[39m
              
[36m<label[39m
                [33mcl
ass[39m=[32m"block 
text-sm font-bold 
text-gray-700 
mb-2"[39m
                [33mfo
r[39m=[32m"email"[39
m
              
[36m>[39m
                
[0mEmail Address[0m
              
[36m</label>[39m
              
[36m<input[39m
                [33mcl
ass[39m=[32m"w-full 
px-4 py-3.5 bg-gray-50 
border border-gray-200 
rounded-xl 
focus:bg-white 
focus:ring-2 focus:ring
-emerald-500/50 focus:b
order-emerald-500 
outline-none 
transition-all disabled
:opacity-50"[39m
                [33mid
[39m=[32m"email"[39m
                [33mpl
aceholder[39m=[32m"na
me@organization.com"[3
9m
                [33mre
quired[39m=[32m""[39
m
                [33mty
pe[39m=[32m"email"[3
9m
                [33mva
lue[39m=[32m""[39m
              
[36m/>[39m
            
[36m</div>[39m
            
[36m<div>[39m
              
[36m<div[39m
                [33mcl
ass[39m=[32m"flex 
justify-between 
items-center mb-2"[39m
              
[36m>[39m
                
[36m<label[39m
                  [33m
class[39m=[32m"block 
text-sm font-bold 
text-gray-700"[39m
                  [33m
for[39m=[32m"password
"[39m
                
[36m>[39m
                  
[0mPassword[0m
                
[36m</label>[39m
                
[36m<a[39m
                  [33m
class[39m=[32m"text-s
m text-emerald-600 
hover:text-emerald-800 
font-semibold 
transition-colors"[39m
                  [33m
data-discover[39m=[32
m"true"[39m
                  [33m
href[39m=[32m"/forgot
-password"[39m
                
[36m>[39m
                  
[0mForgot 
password?[0m
                
[36m</a>[39m
              
[36m</div>[39m
              
[36m<div[39m
                [33mcl
ass[39m=[32m"relative
"[39m
              
[36m>[39m
                
[36m<input[39m
                  [33m
class[39m=[32m"w-full
 px-4 py-3.5 
bg-gray-50 border 
border-gray-200 
rounded-xl 
focus:bg-white 
focus:ring-2 focus:ring
-emerald-500/50 focus:b
order-emerald-500 
outline-none 
transition-all pr-12 di
sabled:opacity-50"[39m
                  [33m
id[39m=[32m"password"
[39m
                  [33m
placeholder[39m=[32m"
ΓÇóΓÇóΓÇóΓÇóΓÇóΓÇóΓÇóΓÇ
ó"[39m
                  [33m
required[39m=[32m""[
39m
                  [33m
type[39m=[32m"passwor
d"[39m
                  [33m
value[39m=[32m""[39m
                
[36m/>[39m
                
[36m<button[39m
                  [33m
class[39m=[32m"absolu
te right-4 top-1/2 
-translate-y-1/2 
text-gray-400 hover:tex
t-gray-600"[39m
                  [33m
type[39m=[32m"button"
[39m
                
[36m>[39m
                  
[36m<svg[39m
                    [3
3maria-hidden[39m=[32
m"true"[39m
                    [3
3mclass[39m=[32m"luci
de lucide-eye"[39m
                    [3
3mfill[39m=[32m"none"
[39m
                    [3
3mheight[39m=[32m"20"
[39m
                    [3
3mstroke[39m=[32m"cur
rentColor"[39m
                    [3
3mstroke-linecap[39m=
[32m"round"[39m
                    [3
3mstroke-linejoin[39m=
[32m"round"[39m
                    [3
3mstroke-width[39m=[3
2m"2"[39m
                    [3
3mviewBox[39m=[32m"0 
0 24 24"[39m
                    [3
3mwidth[39m=[32m"20"
[39m
                    [3
3mxmlns[39m=[32m"http
://www.w3.org/2000/svg"
[39m
                  
[36m>[39m
                    
[36m<path[39m
                      
[33md[39m=[32m"M2.062
 12.348a1 1 0 0 1 
0-.696 10.75 10.75 0 0 
1 19.876 0 1 1 0 0 1 0 
.696 10.75 10.75 0 0 
1-19.876 0"[39m
                    
[36m/>[39m
                    
[36m<circle[39m
                      
[33mcx[39m=[32m"12"[
39m
                      
[33mcy[39m=[32m"12"[
39m
                      
[33mr[39m=[32m"3"[39
m
                    
[36m/>[39m
                  
[36m</svg>[39m
                
[36m</button>[39m
              
[36m</div>[39m
            
[36m</div>[39m
            
[36m<button[39m
              [33mclas
s[39m=[32m"w-full 
flex items-center 
justify-center 
bg-emerald-800 
hover:bg-emerald-900 
text-white font-bold 
py-4 rounded-xl 
shadow-lg 
shadow-emerald-900/20 
transition-all 
hover:-translate-y-0.5 
disabled:opacity-70 dis
abled:hover:translate-y
-0"[39m
              [33mtype
[39m=[32m"submit"[39
m
            [36m>[39m
              [0mSign 
In[0m
            
[36m</button>[39m
          
[36m</form>[39m
          [36m<p[39m
            [33mclass
[39m=[32m"mt-8 
text-center 
text-gray-600"[39m
          [36m>[39m
            [0mDon't 
have an account?[0m
            [0m [0m
            
[36m<a[39m
              [33mclas
s[39m=[32m"text-orang
e-600 font-bold 
hover:text-orange-700 
transition-colors"[39m
              [33mdata
-discover[39m=[32m"tr
ue"[39m
              [33mhref
[39m=[32m"/register"
[39m
            [36m>[39m
              
[0mCreate an 
account[0m
            
[36m</a>[39m
          
[36m</p>[39m
        
[36m</div>[39m
      [36m</div>[39m
      [36m<div[39m
        [33mclass[39m
=[32m"hidden lg:flex 
w-1/2 bg-emerald-900 
relative 
overflow-hidden"[39m
      [36m>[39m
        [36m<div[39m
          [33mclass[3
9m=[32m"absolute 
top-0 right-0 
w-[800px] h-[800px] 
bg-emerald-800 
rounded-full blur-3xl 
opacity-50 
translate-x-1/3 
-translate-y-1/3"[39m
        [36m/>[39m
        [36m<div[39m
          [33mclass[3
9m=[32m"absolute 
bottom-0 left-0 
w-[600px] h-[600px] 
bg-emerald-950 
rounded-full blur-3xl 
opacity-50 
-translate-x-1/3 
translate-y-1/3"[39m
        [36m/>[39m
        [36m<img[39m
          [33malt[39m
=[32m"Food 
Donation"[39m
          [33mclass[3
9m=[32m"absolute 
inset-0 w-full h-full 
object-cover 
mix-blend-overlay 
opacity-60"[39m
          [33msrc[39m
=[32m"https://images.u
nsplash.com/photo-15931
13565214-80afcb4a45d7?q
=80&w=2070&auto=format&
fit=crop"[39m
        [36m/>[39m
        [36m<div[39m
          [33mclass[3
9m=[32m"relative z-10 
p-16 flex flex-col 
justify-end 
h-full"[39m
        [36m>[39m
          
[36m<div[39m
            [33mclass
[39m=[32m"bg-white/10 
backdrop-blur-md 
border border-white/20 
p-8 rounded-3xl 
max-w-lg"[39m
          [36m>[39m
            
[36m<svg[39m
              [33maria
-hidden[39m=[32m"true
"[39m
              [33mclas
s[39m=[32m"lucide 
lucide-leaf 
text-orange-400 
mb-6"[39m
              [33mfill
[39m=[32m"none"[39m
              [33mheig
ht[39m=[32m"40"[39m
              [33mstro
ke[39m=[32m"currentCo
lor"[39m
              [33mstro
ke-linecap[39m=[32m"r
ound"[39m
              [33mstro
ke-linejoin[39m=[32m"
round"[39m
              [33mstro
ke-width[39m=[32m"2"
[39m
              [33mview
Box[39m=[32m"0 0 24 
24"[39m
              [33mwidt
h[39m=[32m"40"[39m
              [33mxmln
s[39m=[32m"http://www
.w3.org/2000/svg"[39m
            [36m>[39m
              
[36m<path[39m
                
[33md[39m=[32m"M11 
20A7 7 0 0 1 9.8 
6.1C15.5 5 17 4.48 19 
2c1 2 2 4.18 2 8 0 
5.5-4.78 10-10 
10Z"[39m
              
[36m/>[39m
              
[36m<path[39m
                
[33md[39m=[32m"M2 
21c0-3 1.85-5.36 
5.08-6C9.5 14.52 12 13 
13 12"[39m
              
[36m/>[39m
            
[36m</svg>[39m
            
[36m<h3[39m
              [33mclas
s[39m=[32m"text-2xl 
font-bold text-white 
mb-4 leading-snug"[39m
            [36m>[39m
              
[0m"GiveBite 
transformed how we 
handle our surplus. 
ItΓÇÖs not just a 
platform; itΓÇÖs a 
vital logistics 
network."[0m
            
[36m</h3>[39m
            
[36m<p[39m
              [33mclas
s[39m=[32m"text-emera
ld-100 
font-medium"[39m
            [36m>[39m
              [0mΓÇö 
Tirupathi Reddy, 
Operations Director[0m
            
[36m</p>[39m
          
[36m</div>[39m
        
[36m</div>[39m
      [36m</div>[39m
    [36m</div>[39m
  [36m</div>[39m
[36m</body>[39m
[90m [2mΓ¥»[22m 
Object.getElementError 
node_modules/@testing-l
ibrary/dom/dist/config.
js:[2m37:19[22m[39m
[90m [2mΓ¥»[22m node
_modules/@testing-libra
ry/dom/dist/query-helpe
rs.js:[2m76:38[22m[3
9m
[90m [2mΓ¥»[22m node
_modules/@testing-libra
ry/dom/dist/query-helpe
rs.js:[2m52:17[22m[3
9m
[90m [2mΓ¥»[22m node
_modules/@testing-libra
ry/dom/dist/query-helpe
rs.js:[2m95:19[22m[3
9m
[36m [2mΓ¥»[22m src/
tests/Login.test.jsx:[
2m41:23[22m[39m
    [90m 39| [39m    
[34mit[39m([32m'rend
ers login form properly
'[39m[33m,[39m () 
[33m=>[39m {
    [90m 40| [39m    
    [34mrenderLogin[3
9m()[33m;[39m
    [90m 41| [39m    
    expect(screen.getBy
PlaceholderText(/john@e
xample.com/i)).toBeIΓÇª
    [90m   | [39m    
                  
[31m^[39m
    [90m 42| [39m    
    expect(screen.getBy
PlaceholderText(/ΓÇóΓÇó
ΓÇóΓÇóΓÇóΓÇóΓÇóΓÇó/i)).
toBeInTheDocuΓÇª
    [90m 43| [39m    
    expect(screen.getBy
Role('button', { name: 
/Sign In/i })).toBeIΓÇª

[31m[2mΓÄ»ΓÄ»ΓÄ»ΓÄ»ΓÄ
»ΓÄ»ΓÄ»ΓÄ»ΓÄ»ΓÄ»ΓÄ»ΓÄ»Γ
Ä»ΓÄ»ΓÄ»ΓÄ»ΓÄ»ΓÄ»ΓÄ»ΓÄ»
ΓÄ»ΓÄ»ΓÄ»ΓÄ»[1/4]ΓÄ»[2
2m[39m

[41m[1m FAIL 
[22m[49m src/tests/Lo
gin.test.jsx[2m > 
[22mLogin 
Component[2m > 
[22mhandles input 
changes
[31m[1mTestingLibrary
ElementError[22m[39m:
 Unable to find an 
element with the 
placeholder text of: 
/john@example.com/i

Ignored nodes: 
comments, script, style
[36m<body>[39m
  [36m<div>[39m
    [36m<div[39m
      [33mclass[39m=
[32m"min-h-screen flex 
bg-white 
font-sans"[39m
    [36m>[39m
      [36m<div[39m
        [33mclass[39m
=[32m"w-full lg:w-1/2 
flex flex-col px-8 
sm:px-16 md:px-24 
py-12 justify-center 
relative"[39m
      [36m>[39m
        [36m<a[39m
          [33mclass[3
9m=[32m"absolute 
top-8 left-8 
sm:left-12 flex 
items-center 
text-gray-500 
hover:text-emerald-700 
transition-colors 
text-sm 
font-medium"[39m
          [33mdata-dis
cover[39m=[32m"true"
[39m
          [33mhref[39
m=[32m"/"[39m
        [36m>[39m
          
[36m<svg[39m
            [33maria-h
idden[39m=[32m"true"
[39m
            [33mclass
[39m=[32m"lucide 
lucide-arrow-left 
mr-2"[39m
            [33mfill[
39m=[32m"none"[39m
            [33mheight
[39m=[32m"16"[39m
            [33mstroke
[39m=[32m"currentColo
r"[39m
            [33mstroke
-linecap[39m=[32m"rou
nd"[39m
            [33mstroke
-linejoin[39m=[32m"ro
und"[39m
            [33mstroke
-width[39m=[32m"2"[3
9m
            [33mviewBo
x[39m=[32m"0 0 24 
24"[39m
            [33mwidth
[39m=[32m"16"[39m
            [33mxmlns
[39m=[32m"http://www.w
3.org/2000/svg"[39m
          [36m>[39m
            
[36m<path[39m
              
[33md[39m=[32m"m12 
19-7-7 7-7"[39m
            
[36m/>[39m
            
[36m<path[39m
              
[33md[39m=[32m"M19 
12H5"[39m
            
[36m/>[39m
          
[36m</svg>[39m
          [0m Back to 
Home[0m
        [36m</a>[39m
        [36m<div[39m
          [33manimate
[39m=[32m"[object 
Object]"[39m
          [33mclass[3
9m=[32m"max-w-md 
w-full mx-auto"[39m
          [33minitial
[39m=[32m"[object 
Object]"[39m
          [33mtransiti
on[39m=[32m"[object 
Object]"[39m
        [36m>[39m
          
[36m<div[39m
            [33mclass
[39m=[32m"mb-10"[39m
          [36m>[39m
            
[36m<h2[39m
              [33mclas
s[39m=[32m"text-3xl 
md:text-4xl 
font-extrabold 
text-gray-900 
tracking-tight 
mb-2"[39m
            [36m>[39m
              
[0mWelcome back[0m
            
[36m</h2>[39m
            
[36m<p[39m
              [33mclas
s[39m=[32m"text-gray-
500"[39m
            [36m>[39m
              [0mLog 
in to your GiveBite 
dashboard to continue 
making an impact.[0m
            
[36m</p>[39m
          
[36m</div>[39m
          
[36m<form[39m
            [33mclass
[39m=[32m"space-y-6"[
39m
          [36m>[39m
            
[36m<div>[39m
              
[36m<label[39m
                [33mcl
ass[39m=[32m"block 
text-sm font-bold 
text-gray-700 
mb-2"[39m
                [33mfo
r[39m=[32m"email"[39
m
              
[36m>[39m
                
[0mEmail Address[0m
              
[36m</label>[39m
              
[36m<input[39m
                [33mcl
ass[39m=[32m"w-full 
px-4 py-3.5 bg-gray-50 
border border-gray-200 
rounded-xl 
focus:bg-white 
focus:ring-2 focus:ring
-emerald-500/50 focus:b
order-emerald-500 
outline-none 
transition-all disabled
:opacity-50"[39m
                [33mid
[39m=[32m"email"[39m
                [33mpl
aceholder[39m=[32m"na
me@organization.com"[3
9m
                [33mre
quired[39m=[32m""[39
m
                [33mty
pe[39m=[32m"email"[3
9m
                [33mva
lue[39m=[32m""[39m
              
[36m/>[39m
            
[36m</div>[39m
            
[36m<div>[39m
              
[36m<div[39m
                [33mcl
ass[39m=[32m"flex 
justify-between 
items-center mb-2"[39m
              
[36m>[39m
                
[36m<label[39m
                  [33m
class[39m=[32m"block 
text-sm font-bold 
text-gray-700"[39m
                  [33m
for[39m=[32m"password
"[39m
                
[36m>[39m
                  
[0mPassword[0m
                
[36m</label>[39m
                
[36m<a[39m
                  [33m
class[39m=[32m"text-s
m text-emerald-600 
hover:text-emerald-800 
font-semibold 
transition-colors"[39m
                  [33m
data-discover[39m=[32
m"true"[39m
                  [33m
href[39m=[32m"/forgot
-password"[39m
                
[36m>[39m
                  
[0mForgot 
password?[0m
                
[36m</a>[39m
              
[36m</div>[39m
              
[36m<div[39m
                [33mcl
ass[39m=[32m"relative
"[39m
              
[36m>[39m
                
[36m<input[39m
                  [33m
class[39m=[32m"w-full
 px-4 py-3.5 
bg-gray-50 border 
border-gray-200 
rounded-xl 
focus:bg-white 
focus:ring-2 focus:ring
-emerald-500/50 focus:b
order-emerald-500 
outline-none 
transition-all pr-12 di
sabled:opacity-50"[39m
                  [33m
id[39m=[32m"password"
[39m
                  [33m
placeholder[39m=[32m"
ΓÇóΓÇóΓÇóΓÇóΓÇóΓÇóΓÇóΓÇ
ó"[39m
                  [33m
required[39m=[32m""[
39m
                  [33m
type[39m=[32m"passwor
d"[39m
                  [33m
value[39m=[32m""[39m
                
[36m/>[39m
                
[36m<button[39m
                  [33m
class[39m=[32m"absolu
te right-4 top-1/2 
-translate-y-1/2 
text-gray-400 hover:tex
t-gray-600"[39m
                  [33m
type[39m=[32m"button"
[39m
                
[36m>[39m
                  
[36m<svg[39m
                    [3
3maria-hidden[39m=[32
m"true"[39m
                    [3
3mclass[39m=[32m"luci
de lucide-eye"[39m
                    [3
3mfill[39m=[32m"none"
[39m
                    [3
3mheight[39m=[32m"20"
[39m
                    [3
3mstroke[39m=[32m"cur
rentColor"[39m
                    [3
3mstroke-linecap[39m=
[32m"round"[39m
                    [3
3mstroke-linejoin[39m=
[32m"round"[39m
                    [3
3mstroke-width[39m=[3
2m"2"[39m
                    [3
3mviewBox[39m=[32m"0 
0 24 24"[39m
                    [3
3mwidth[39m=[32m"20"
[39m
                    [3
3mxmlns[39m=[32m"http
://www.w3.org/2000/svg"
[39m
                  
[36m>[39m
                    
[36m<path[39m
                      
[33md[39m=[32m"M2.062
 12.348a1 1 0 0 1 
0-.696 10.75 10.75 0 0 
1 19.876 0 1 1 0 0 1 0 
.696 10.75 10.75 0 0 
1-19.876 0"[39m
                    
[36m/>[39m
                    
[36m<circle[39m
                      
[33mcx[39m=[32m"12"[
39m
                      
[33mcy[39m=[32m"12"[
39m
                      
[33mr[39m=[32m"3"[39
m
                    
[36m/>[39m
                  
[36m</svg>[39m
                
[36m</button>[39m
              
[36m</div>[39m
            
[36m</div>[39m
            
[36m<button[39m
              [33mclas
s[39m=[32m"w-full 
flex items-center 
justify-center 
bg-emerald-800 
hover:bg-emerald-900 
text-white font-bold 
py-4 rounded-xl 
shadow-lg 
shadow-emerald-900/20 
transition-all 
hover:-translate-y-0.5 
disabled:opacity-70 dis
abled:hover:translate-y
-0"[39m
              [33mtype
[39m=[32m"submit"[39
m
            [36m>[39m
              [0mSign 
In[0m
            
[36m</button>[39m
          
[36m</form>[39m
          [36m<p[39m
            [33mclass
[39m=[32m"mt-8 
text-center 
text-gray-600"[39m
          [36m>[39m
            [0mDon't 
have an account?[0m
            [0m [0m
            
[36m<a[39m
              [33mclas
s[39m=[32m"text-orang
e-600 font-bold 
hover:text-orange-700 
transition-colors"[39m
              [33mdata
-discover[39m=[32m"tr
ue"[39m
              [33mhref
[39m=[32m"/register"
[39m
            [36m>[39m
              
[0mCreate an 
account[0m
            
[36m</a>[39m
          
[36m</p>[39m
        
[36m</div>[39m
      [36m</div>[39m
      [36m<div[39m
        [33mclass[39m
=[32m"hidden lg:flex 
w-1/2 bg-emerald-900 
relative 
overflow-hidden"[39m
      [36m>[39m
        [36m<div[39m
          [33mclass[3
9m=[32m"absolute 
top-0 right-0 
w-[800px] h-[800px] 
bg-emerald-800 
rounded-full blur-3xl 
opacity-50 
translate-x-1/3 
-translate-y-1/3"[39m
        [36m/>[39m
        [36m<div[39m
          [33mclass[3
9m=[32m"absolute 
bottom-0 left-0 
w-[600px] h-[600px] 
bg-emerald-950 
rounded-full blur-3xl 
opacity-50 
-translate-x-1/3 
translate-y-1/3"[39m
        [36m/>[39m
        [36m<img[39m
          [33malt[39m
=[32m"Food 
Donation"[39m
          [33mclass[3
9m=[32m"absolute 
inset-0 w-full h-full 
object-cover 
mix-blend-overlay 
opacity-60"[39m
          [33msrc[39m
=[32m"https://images.u
nsplash.com/photo-15931
13565214-80afcb4a45d7?q
=80&w=2070&auto=format&
fit=crop"[39m
        [36m/>[39m
        [36m<div[39m
          [33mclass[3
9m=[32m"relative z-10 
p-16 flex flex-col 
justify-end 
h-full"[39m
        [36m>[39m
          
[36m<div[39m
            [33mclass
[39m=[32m"bg-white/10 
backdrop-blur-md 
border border-white/20 
p-8 rounded-3xl 
max-w-lg"[39m
          [36m>[39m
            
[36m<svg[39m
              [33maria
-hidden[39m=[32m"true
"[39m
              [33mclas
s[39m=[32m"lucide 
lucide-leaf 
text-orange-400 
mb-6"[39m
              [33mfill
[39m=[32m"none"[39m
              [33mheig
ht[39m=[32m"40"[39m
              [33mstro
ke[39m=[32m"currentCo
lor"[39m
              [33mstro
ke-linecap[39m=[32m"r
ound"[39m
              [33mstro
ke-linejoin[39m=[32m"
round"[39m
              [33mstro
ke-width[39m=[32m"2"
[39m
              [33mview
Box[39m=[32m"0 0 24 
24"[39m
              [33mwidt
h[39m=[32m"40"[39m
              [33mxmln
s[39m=[32m"http://www
.w3.org/2000/svg"[39m
            [36m>[39m
              
[36m<path[39m
                
[33md[39m=[32m"M11 
20A7 7 0 0 1 9.8 
6.1C15.5 5 17 4.48 19 
2c1 2 2 4.18 2 8 0 
5.5-4.78 10-10 
10Z"[39m
              
[36m/>[39m
              
[36m<path[39m
                
[33md[39m=[32m"M2 
21c0-3 1.85-5.36 
5.08-6C9.5 14.52 12 13 
13 12"[39m
              
[36m/>[39m
            
[36m</svg>[39m
            
[36m<h3[39m
              [33mclas
s[39m=[32m"text-2xl 
font-bold text-white 
mb-4 leading-snug"[39m
            [36m>[39m
              
[0m"GiveBite 
transformed how we 
handle our surplus. 
ItΓÇÖs not just a 
platform; itΓÇÖs a 
vital logistics 
network."[0m
            
[36m</h3>[39m
            
[36m<p[39m
              [33mclas
s[39m=[32m"text-emera
ld-100 
font-medium"[39m
            [36m>[39m
              [0mΓÇö 
Tirupathi Reddy, 
Operations Director[0m
            
[36m</p>[39m
          
[36m</div>[39m
        
[36m</div>[39m
      [36m</div>[39m
    [36m</div>[39m
  [36m</div>[39m
[36m</body>[39m
[90m [2mΓ¥»[22m 
Object.getElementError 
node_modules/@testing-l
ibrary/dom/dist/config.
js:[2m37:19[22m[39m
[90m [2mΓ¥»[22m node
_modules/@testing-libra
ry/dom/dist/query-helpe
rs.js:[2m76:38[22m[3
9m
[90m [2mΓ¥»[22m node
_modules/@testing-libra
ry/dom/dist/query-helpe
rs.js:[2m52:17[22m[3
9m
[90m [2mΓ¥»[22m node
_modules/@testing-libra
ry/dom/dist/query-helpe
rs.js:[2m95:19[22m[3
9m
[36m [2mΓ¥»[22m src/
tests/Login.test.jsx:[
2m50:35[22m[39m
    [90m 48| [39m    
    [34mrenderLogin[3
9m()[33m;[39m
    [90m 49| [39m    
    
    [90m 50| [39m    
    const emailInput = 
screen.getByPlaceholder
Text(/john@example.cΓÇª
    [90m   | [39m    
                       
       [31m^[39m
    [90m 51| [39m    
    [35mconst[39m 
passwordInput 
[33m=[39m screen[33m
.[39m[34mgetByPlaceho
lderText[39m([36m/ΓÇó
ΓÇóΓÇóΓÇóΓÇóΓÇóΓÇóΓÇó/i
[39m)[33m;[39m
    [90m 52| [39m

[31m[2mΓÄ»ΓÄ»ΓÄ»ΓÄ»ΓÄ
»ΓÄ»ΓÄ»ΓÄ»ΓÄ»ΓÄ»ΓÄ»ΓÄ»Γ
Ä»ΓÄ»ΓÄ»ΓÄ»ΓÄ»ΓÄ»ΓÄ»ΓÄ»
ΓÄ»ΓÄ»ΓÄ»ΓÄ»[2/4]ΓÄ»[2
2m[39m

[41m[1m FAIL 
[22m[49m src/tests/Lo
gin.test.jsx[2m > 
[22mLogin 
Component[2m > 
[22mhandles 
successful login
[31m[1mTestingLibrary
ElementError[22m[39m:
 Unable to find an 
element with the 
placeholder text of: 
/john@example.com/i

Ignored nodes: 
comments, script, style
[36m<body>[39m
  [36m<div>[39m
    [36m<div[39m
      [33mclass[39m=
[32m"min-h-screen flex 
bg-white 
font-sans"[39m
    [36m>[39m
      [36m<div[39m
        [33mclass[39m
=[32m"w-full lg:w-1/2 
flex flex-col px-8 
sm:px-16 md:px-24 
py-12 justify-center 
relative"[39m
      [36m>[39m
        [36m<a[39m
          [33mclass[3
9m=[32m"absolute 
top-8 left-8 
sm:left-12 flex 
items-center 
text-gray-500 
hover:text-emerald-700 
transition-colors 
text-sm 
font-medium"[39m
          [33mdata-dis
cover[39m=[32m"true"
[39m
          [33mhref[39
m=[32m"/"[39m
        [36m>[39m
          
[36m<svg[39m
            [33maria-h
idden[39m=[32m"true"
[39m
            [33mclass
[39m=[32m"lucide 
lucide-arrow-left 
mr-2"[39m
            [33mfill[
39m=[32m"none"[39m
            [33mheight
[39m=[32m"16"[39m
            [33mstroke
[39m=[32m"currentColo
r"[39m
            [33mstroke
-linecap[39m=[32m"rou
nd"[39m
            [33mstroke
-linejoin[39m=[32m"ro
und"[39m
            [33mstroke
-width[39m=[32m"2"[3
9m
            [33mviewBo
x[39m=[32m"0 0 24 
24"[39m
            [33mwidth
[39m=[32m"16"[39m
            [33mxmlns
[39m=[32m"http://www.w
3.org/2000/svg"[39m
          [36m>[39m
            
[36m<path[39m
              
[33md[39m=[32m"m12 
19-7-7 7-7"[39m
            
[36m/>[39m
            
[36m<path[39m
              
[33md[39m=[32m"M19 
12H5"[39m
            
[36m/>[39m
          
[36m</svg>[39m
          [0m Back to 
Home[0m
        [36m</a>[39m
        [36m<div[39m
          [33manimate
[39m=[32m"[object 
Object]"[39m
          [33mclass[3
9m=[32m"max-w-md 
w-full mx-auto"[39m
          [33minitial
[39m=[32m"[object 
Object]"[39m
          [33mtransiti
on[39m=[32m"[object 
Object]"[39m
        [36m>[39m
          
[36m<div[39m
            [33mclass
[39m=[32m"mb-10"[39m
          [36m>[39m
            
[36m<h2[39m
              [33mclas
s[39m=[32m"text-3xl 
md:text-4xl 
font-extrabold 
text-gray-900 
tracking-tight 
mb-2"[39m
            [36m>[39m
              
[0mWelcome back[0m
            
[36m</h2>[39m
            
[36m<p[39m
              [33mclas
s[39m=[32m"text-gray-
500"[39m
            [36m>[39m
              [0mLog 
in to your GiveBite 
dashboard to continue 
making an impact.[0m
            
[36m</p>[39m
          
[36m</div>[39m
          
[36m<form[39m
            [33mclass
[39m=[32m"space-y-6"[
39m
          [36m>[39m
            
[36m<div>[39m
              
[36m<label[39m
                [33mcl
ass[39m=[32m"block 
text-sm font-bold 
text-gray-700 
mb-2"[39m
                [33mfo
r[39m=[32m"email"[39
m
              
[36m>[39m
                
[0mEmail Address[0m
              
[36m</label>[39m
              
[36m<input[39m
                [33mcl
ass[39m=[32m"w-full 
px-4 py-3.5 bg-gray-50 
border border-gray-200 
rounded-xl 
focus:bg-white 
focus:ring-2 focus:ring
-emerald-500/50 focus:b
order-emerald-500 
outline-none 
transition-all disabled
:opacity-50"[39m
                [33mid
[39m=[32m"email"[39m
                [33mpl
aceholder[39m=[32m"na
me@organization.com"[3
9m
                [33mre
quired[39m=[32m""[39
m
                [33mty
pe[39m=[32m"email"[3
9m
                [33mva
lue[39m=[32m""[39m
              
[36m/>[39m
            
[36m</div>[39m
            
[36m<div>[39m
              
[36m<div[39m
                [33mcl
ass[39m=[32m"flex 
justify-between 
items-center mb-2"[39m
              
[36m>[39m
                
[36m<label[39m
                  [33m
class[39m=[32m"block 
text-sm font-bold 
text-gray-700"[39m
                  [33m
for[39m=[32m"password
"[39m
                
[36m>[39m
                  
[0mPassword[0m
                
[36m</label>[39m
                
[36m<a[39m
                  [33m
class[39m=[32m"text-s
m text-emerald-600 
hover:text-emerald-800 
font-semibold 
transition-colors"[39m
                  [33m
data-discover[39m=[32
m"true"[39m
                  [33m
href[39m=[32m"/forgot
-password"[39m
                
[36m>[39m
                  
[0mForgot 
password?[0m
                
[36m</a>[39m
              
[36m</div>[39m
              
[36m<div[39m
                [33mcl
ass[39m=[32m"relative
"[39m
              
[36m>[39m
                
[36m<input[39m
                  [33m
class[39m=[32m"w-full
 px-4 py-3.5 
bg-gray-50 border 
border-gray-200 
rounded-xl 
focus:bg-white 
focus:ring-2 focus:ring
-emerald-500/50 focus:b
order-emerald-500 
outline-none 
transition-all pr-12 di
sabled:opacity-50"[39m
                  [33m
id[39m=[32m"password"
[39m
                  [33m
placeholder[39m=[32m"
ΓÇóΓÇóΓÇóΓÇóΓÇóΓÇóΓÇóΓÇ
ó"[39m
                  [33m
required[39m=[32m""[
39m
                  [33m
type[39m=[32m"passwor
d"[39m
                  [33m
value[39m=[32m""[39m
                
[36m/>[39m
                
[36m<button[39m
                  [33m
class[39m=[32m"absolu
te right-4 top-1/2 
-translate-y-1/2 
text-gray-400 hover:tex
t-gray-600"[39m
                  [33m
type[39m=[32m"button"
[39m
                
[36m>[39m
                  
[36m<svg[39m
                    [3
3maria-hidden[39m=[32
m"true"[39m
                    [3
3mclass[39m=[32m"luci
de lucide-eye"[39m
                    [3
3mfill[39m=[32m"none"
[39m
                    [3
3mheight[39m=[32m"20"
[39m
                    [3
3mstroke[39m=[32m"cur
rentColor"[39m
                    [3
3mstroke-linecap[39m=
[32m"round"[39m
                    [3
3mstroke-linejoin[39m=
[32m"round"[39m
                    [3
3mstroke-width[39m=[3
2m"2"[39m
                    [3
3mviewBox[39m=[32m"0 
0 24 24"[39m
                    [3
3mwidth[39m=[32m"20"
[39m
                    [3
3mxmlns[39m=[32m"http
://www.w3.org/2000/svg"
[39m
                  
[36m>[39m
                    
[36m<path[39m
                      
[33md[39m=[32m"M2.062
 12.348a1 1 0 0 1 
0-.696 10.75 10.75 0 0 
1 19.876 0 1 1 0 0 1 0 
.696 10.75 10.75 0 0 
1-19.876 0"[39m
                    
[36m/>[39m
                    
[36m<circle[39m
                      
[33mcx[39m=[32m"12"[
39m
                      
[33mcy[39m=[32m"12"[
39m
                      
[33mr[39m=[32m"3"[39
m
                    
[36m/>[39m
                  
[36m</svg>[39m
                
[36m</button>[39m
              
[36m</div>[39m
            
[36m</div>[39m
            
[36m<button[39m
              [33mclas
s[39m=[32m"w-full 
flex items-center 
justify-center 
bg-emerald-800 
hover:bg-emerald-900 
text-white font-bold 
py-4 rounded-xl 
shadow-lg 
shadow-emerald-900/20 
transition-all 
hover:-translate-y-0.5 
disabled:opacity-70 dis
abled:hover:translate-y
-0"[39m
              [33mtype
[39m=[32m"submit"[39
m
            [36m>[39m
              [0mSign 
In[0m
            
[36m</button>[39m
          
[36m</form>[39m
          [36m<p[39m
            [33mclass
[39m=[32m"mt-8 
text-center 
text-gray-600"[39m
          [36m>[39m
            [0mDon't 
have an account?[0m
            [0m [0m
            
[36m<a[39m
              [33mclas
s[39m=[32m"text-orang
e-600 font-bold 
hover:text-orange-700 
transition-colors"[39m
              [33mdata
-discover[39m=[32m"tr
ue"[39m
              [33mhref
[39m=[32m"/register"
[39m
            [36m>[39m
              
[0mCreate an 
account[0m
            
[36m</a>[39m
          
[36m</p>[39m
        
[36m</div>[39m
      [36m</div>[39m
      [36m<div[39m
        [33mclass[39m
=[32m"hidden lg:flex 
w-1/2 bg-emerald-900 
relative 
overflow-hidden"[39m
      [36m>[39m
        [36m<div[39m
          [33mclass[3
9m=[32m"absolute 
top-0 right-0 
w-[800px] h-[800px] 
bg-emerald-800 
rounded-full blur-3xl 
opacity-50 
translate-x-1/3 
-translate-y-1/3"[39m
        [36m/>[39m
        [36m<div[39m
          [33mclass[3
9m=[32m"absolute 
bottom-0 left-0 
w-[600px] h-[600px] 
bg-emerald-950 
rounded-full blur-3xl 
opacity-50 
-translate-x-1/3 
translate-y-1/3"[39m
        [36m/>[39m
        [36m<img[39m
          [33malt[39m
=[32m"Food 
Donation"[39m
          [33mclass[3
9m=[32m"absolute 
inset-0 w-full h-full 
object-cover 
mix-blend-overlay 
opacity-60"[39m
          [33msrc[39m
=[32m"https://images.u
nsplash.com/photo-15931
13565214-80afcb4a45d7?q
=80&w=2070&auto=format&
fit=crop"[39m
        [36m/>[39m
        [36m<div[39m
          [33mclass[3
9m=[32m"relative z-10 
p-16 flex flex-col 
justify-end 
h-full"[39m
        [36m>[39m
          
[36m<div[39m
            [33mclass
[39m=[32m"bg-white/10 
backdrop-blur-md 
border border-white/20 
p-8 rounded-3xl 
max-w-lg"[39m
          [36m>[39m
            
[36m<svg[39m
              [33maria
-hidden[39m=[32m"true
"[39m
              [33mclas
s[39m=[32m"lucide 
lucide-leaf 
text-orange-400 
mb-6"[39m
              [33mfill
[39m=[32m"none"[39m
              [33mheig
ht[39m=[32m"40"[39m
              [33mstro
ke[39m=[32m"currentCo
lor"[39m
              [33mstro
ke-linecap[39m=[32m"r
ound"[39m
              [33mstro
ke-linejoin[39m=[32m"
round"[39m
              [33mstro
ke-width[39m=[32m"2"
[39m
              [33mview
Box[39m=[32m"0 0 24 
24"[39m
              [33mwidt
h[39m=[32m"40"[39m
              [33mxmln
s[39m=[32m"http://www
.w3.org/2000/svg"[39m
            [36m>[39m
              
[36m<path[39m
                
[33md[39m=[32m"M11 
20A7 7 0 0 1 9.8 
6.1C15.5 5 17 4.48 19 
2c1 2 2 4.18 2 8 0 
5.5-4.78 10-10 
10Z"[39m
              
[36m/>[39m
              
[36m<path[39m
                
[33md[39m=[32m"M2 
21c0-3 1.85-5.36 
5.08-6C9.5 14.52 12 13 
13 12"[39m
              
[36m/>[39m
            
[36m</svg>[39m
            
[36m<h3[39m
              [33mclas
s[39m=[32m"text-2xl 
font-bold text-white 
mb-4 leading-snug"[39m
            [36m>[39m
              
[0m"GiveBite 
transformed how we 
handle our surplus. 
ItΓÇÖs not just a 
platform; itΓÇÖs a 
vital logistics 
network."[0m
            
[36m</h3>[39m
            
[36m<p[39m
              [33mclas
s[39m=[32m"text-emera
ld-100 
font-medium"[39m
            [36m>[39m
              [0mΓÇö 
Tirupathi Reddy, 
Operations Director[0m
            
[36m</p>[39m
          
[36m</div>[39m
        
[36m</div>[39m
      [36m</div>[39m
    [36m</div>[39m
  [36m</div>[39m
[36m</body>[39m
[90m [2mΓ¥»[22m 
Object.getElementError 
node_modules/@testing-l
ibrary/dom/dist/config.
js:[2m37:19[22m[39m
[90m [2mΓ¥»[22m node
_modules/@testing-libra
ry/dom/dist/query-helpe
rs.js:[2m76:38[22m[3
9m
[90m [2mΓ¥»[22m node
_modules/@testing-libra
ry/dom/dist/query-helpe
rs.js:[2m52:17[22m[3
9m
[90m [2mΓ¥»[22m node
_modules/@testing-libra
ry/dom/dist/query-helpe
rs.js:[2m95:19[22m[3
9m
[36m [2mΓ¥»[22m src/
tests/Login.test.jsx:[
2m75:33[22m[39m
    [90m 73| [39m    
    [34mrenderLogin[3
9m()[33m;[39m
    [90m 74| [39m    
    
    [90m 75| [39m    
    fireEvent.change(sc
reen.getByPlaceholderTe
xt(/john@example.comΓÇª
    [90m   | [39m    
                       
     [31m^[39m
    [90m 76| [39m    
    fireEvent.change(sc
reen.getByPlaceholderTe
xt(/ΓÇóΓÇóΓÇóΓÇóΓÇóΓÇóΓ
ÇóΓÇó/i), { tΓÇª
    [90m 77| [39m    
    

[31m[2mΓÄ»ΓÄ»ΓÄ»ΓÄ»ΓÄ
»ΓÄ»ΓÄ»ΓÄ»ΓÄ»ΓÄ»ΓÄ»ΓÄ»Γ
Ä»ΓÄ»ΓÄ»ΓÄ»ΓÄ»ΓÄ»ΓÄ»ΓÄ»
ΓÄ»ΓÄ»ΓÄ»ΓÄ»[3/4]ΓÄ»[2
2m[39m

[41m[1m FAIL 
[22m[49m src/tests/Lo
gin.test.jsx[2m > 
[22mLogin 
Component[2m > 
[22mshows error on 
failed login
[31m[1mTestingLibrary
ElementError[22m[39m:
 Unable to find an 
element with the 
placeholder text of: 
/john@example.com/i

Ignored nodes: 
comments, script, style
[36m<body>[39m
  [36m<div>[39m
    [36m<div[39m
      [33mclass[39m=
[32m"min-h-screen flex 
bg-white 
font-sans"[39m
    [36m>[39m
      [36m<div[39m
        [33mclass[39m
=[32m"w-full lg:w-1/2 
flex flex-col px-8 
sm:px-16 md:px-24 
py-12 justify-center 
relative"[39m
      [36m>[39m
        [36m<a[39m
          [33mclass[3
9m=[32m"absolute 
top-8 left-8 
sm:left-12 flex 
items-center 
text-gray-500 
hover:text-emerald-700 
transition-colors 
text-sm 
font-medium"[39m
          [33mdata-dis
cover[39m=[32m"true"
[39m
          [33mhref[39
m=[32m"/"[39m
        [36m>[39m
          
[36m<svg[39m
            [33maria-h
idden[39m=[32m"true"
[39m
            [33mclass
[39m=[32m"lucide 
lucide-arrow-left 
mr-2"[39m
            [33mfill[
39m=[32m"none"[39m
            [33mheight
[39m=[32m"16"[39m
            [33mstroke
[39m=[32m"currentColo
r"[39m
            [33mstroke
-linecap[39m=[32m"rou
nd"[39m
            [33mstroke
-linejoin[39m=[32m"ro
und"[39m
            [33mstroke
-width[39m=[32m"2"[3
9m
            [33mviewBo
x[39m=[32m"0 0 24 
24"[39m
            [33mwidth
[39m=[32m"16"[39m
            [33mxmlns
[39m=[32m"http://www.w
3.org/2000/svg"[39m
          [36m>[39m
            
[36m<path[39m
              
[33md[39m=[32m"m12 
19-7-7 7-7"[39m
            
[36m/>[39m
            
[36m<path[39m
              
[33md[39m=[32m"M19 
12H5"[39m
            
[36m/>[39m
          
[36m</svg>[39m
          [0m Back to 
Home[0m
        [36m</a>[39m
        [36m<div[39m
          [33manimate
[39m=[32m"[object 
Object]"[39m
          [33mclass[3
9m=[32m"max-w-md 
w-full mx-auto"[39m
          [33minitial
[39m=[32m"[object 
Object]"[39m
          [33mtransiti
on[39m=[32m"[object 
Object]"[39m
        [36m>[39m
          
[36m<div[39m
            [33mclass
[39m=[32m"mb-10"[39m
          [36m>[39m
            
[36m<h2[39m
              [33mclas
s[39m=[32m"text-3xl 
md:text-4xl 
font-extrabold 
text-gray-900 
tracking-tight 
mb-2"[39m
            [36m>[39m
              
[0mWelcome back[0m
            
[36m</h2>[39m
            
[36m<p[39m
              [33mclas
s[39m=[32m"text-gray-
500"[39m
            [36m>[39m
              [0mLog 
in to your GiveBite 
dashboard to continue 
making an impact.[0m
            
[36m</p>[39m
          
[36m</div>[39m
          
[36m<form[39m
            [33mclass
[39m=[32m"space-y-6"[
39m
          [36m>[39m
            
[36m<div>[39m
              
[36m<label[39m
                [33mcl
ass[39m=[32m"block 
text-sm font-bold 
text-gray-700 
mb-2"[39m
                [33mfo
r[39m=[32m"email"[39
m
              
[36m>[39m
                
[0mEmail Address[0m
              
[36m</label>[39m
              
[36m<input[39m
                [33mcl
ass[39m=[32m"w-full 
px-4 py-3.5 bg-gray-50 
border border-gray-200 
rounded-xl 
focus:bg-white 
focus:ring-2 focus:ring
-emerald-500/50 focus:b
order-emerald-500 
outline-none 
transition-all disabled
:opacity-50"[39m
                [33mid
[39m=[32m"email"[39m
                [33mpl
aceholder[39m=[32m"na
me@organization.com"[3
9m
                [33mre
quired[39m=[32m""[39
m
                [33mty
pe[39m=[32m"email"[3
9m
                [33mva
lue[39m=[32m""[39m
              
[36m/>[39m
            
[36m</div>[39m
            
[36m<div>[39m
              
[36m<div[39m
                [33mcl
ass[39m=[32m"flex 
justify-between 
items-center mb-2"[39m
              
[36m>[39m
                
[36m<label[39m
                  [33m
class[39m=[32m"block 
text-sm font-bold 
text-gray-700"[39m
                  [33m
for[39m=[32m"password
"[39m
                
[36m>[39m
                  
[0mPassword[0m
                
[36m</label>[39m
                
[36m<a[39m
                  [33m
class[39m=[32m"text-s
m text-emerald-600 
hover:text-emerald-800 
font-semibold 
transition-colors"[39m
                  [33m
data-discover[39m=[32
m"true"[39m
                  [33m
href[39m=[32m"/forgot
-password"[39m
                
[36m>[39m
                  
[0mForgot 
password?[0m
                
[36m</a>[39m
              
[36m</div>[39m
              
[36m<div[39m
                [33mcl
ass[39m=[32m"relative
"[39m
              
[36m>[39m
                
[36m<input[39m
                  [33m
class[39m=[32m"w-full
 px-4 py-3.5 
bg-gray-50 border 
border-gray-200 
rounded-xl 
focus:bg-white 
focus:ring-2 focus:ring
-emerald-500/50 focus:b
order-emerald-500 
outline-none 
transition-all pr-12 di
sabled:opacity-50"[39m
                  [33m
id[39m=[32m"password"
[39m
                  [33m
placeholder[39m=[32m"
ΓÇóΓÇóΓÇóΓÇóΓÇóΓÇóΓÇóΓÇ
ó"[39m
                  [33m
required[39m=[32m""[
39m
                  [33m
type[39m=[32m"passwor
d"[39m
                  [33m
value[39m=[32m""[39m
                
[36m/>[39m
                
[36m<button[39m
                  [33m
class[39m=[32m"absolu
te right-4 top-1/2 
-translate-y-1/2 
text-gray-400 hover:tex
t-gray-600"[39m
                  [33m
type[39m=[32m"button"
[39m
                
[36m>[39m
                  
[36m<svg[39m

                    [3
3maria-hidden[39m=[32
m"true"[39m
                    [3
3mclass[39m=[32m"luci
de lucide-eye"[39m
                    [3
3mfill[39m=[32m"none"
[39m
                    [3
3mheight[39m=[32m"20"
[39m
                    [3
3mstroke[39m=[32m"cur
rentColor"[39m
                    [3
3mstroke-linecap[39m=
[32m"round"[39m
                    [3
3mstroke-linejoin[39m=
[32m"round"[39m
                    [3
3mstroke-width[39m=[3
2m"2"[39m
                    [3
3mviewBox[39m=[32m"0 
0 24 24"[39m
                    [3
3mwidth[39m=[32m"20"
[39m
[2m Test Files [22m [1m[31m1 failed[39m[22m[2m | [22m[1m[32m6 passed[39m[22m[90m (7)[39m
[2m      Tests [22m [1m[31m4 failed[39m[22m[2m | [22m[1m[32m7 passed[39m[22m[90m (11)[39m
[2m   Start at [22m 15:14:17
[2m   Duration [22m 3.84s[2m (transform 1.64s, setup 1.82s, import 3.15s, tests 294ms, environment 13.74s)[22m

                    [3
3mxmlns[39m=[32m"http
://www.w3.org/2000/svg"
[39m
                  
[36m>[39m
                    
[36m<path[39m
                      
[33md[39m=[32m"M2.062
 12.348a1 1 0 0 1 
0-.696 10.75 10.75 0 0 
1 19.876 0 1 1 0 0 1 0 
.696 10.75 10.75 0 0 
1-19.876 0"[39m
                    
[36m/>[39m
                    
[36m<circle[39m
                      
[33mcx[39m=[32m"12"[
39m
                      
[33mcy[39m=[32m"12"[
39m
                      
[33mr[39m=[32m"3"[39
m
                    
[36m/>[39m
                  
[36m</svg>[39m
                
[36m</button>[39m
              
[36m</div>[39m
            
[36m</div>[39m
            
[36m<button[39m
              [33mclas
s[39m=[32m"w-full 
flex items-center 
justify-center 
bg-emerald-800 
hover:bg-emerald-900 
text-white font-bold 
py-4 rounded-xl 
shadow-lg 
shadow-emerald-900/20 
transition-all 
hover:-translate-y-0.5 
disabled:opacity-70 dis
abled:hover:translate-y
-0"[39m
              [33mtype
[39m=[32m"submit"[39
m
            [36m>[39m
              [0mSign 
In[0m
            
[36m</button>[39m
          
[36m</form>[39m
          [36m<p[39m
            [33mclass
[39m=[32m"mt-8 
text-center 
text-gray-600"[39m
          [36m>[39m
            [0mDon't 
have an account?[0m
            [0m [0m
            
[36m<a[39m
              [33mclas
s[39m=[32m"text-orang
e-600 font-bold 
hover:text-orange-700 
transition-colors"[39m
              [33mdata
-discover[39m=[32m"tr
ue"[39m
              [33mhref
[39m=[32m"/register"
[39m
            [36m>[39m
              
[0mCreate an 
account[0m
            
[36m</a>[39m
          
[36m</p>[39m
        
[36m</div>[39m
      [36m</div>[39m
      [36m<div[39m
        [33mclass[39m
=[32m"hidden lg:flex 
w-1/2 bg-emerald-900 
relative 
overflow-hidden"[39m
      [36m>[39m
        [36m<div[39m
          [33mclass[3
9m=[32m"absolute 
top-0 right-0 
w-[800px] h-[800px] 
bg-emerald-800 
rounded-full blur-3xl 
opacity-50 
translate-x-1/3 
-translate-y-1/3"[39m
        [36m/>[39m
        [36m<div[39m
          [33mclass[3
9m=[32m"absolute 
bottom-0 left-0 
w-[600px] h-[600px] 
bg-emerald-950 
rounded-full blur-3xl 
opacity-50 
-translate-x-1/3 
translate-y-1/3"[39m
        [36m/>[39m
        [36m<img[39m
          [33malt[39m
=[32m"Food 
Donation"[39m
          [33mclass[3
9m=[32m"absolute 
inset-0 w-full h-full 
object-cover 
mix-blend-overlay 
opacity-60"[39m
          [33msrc[39m
=[32m"https://images.u
nsplash.com/photo-15931
13565214-80afcb4a45d7?q
=80&w=2070&auto=format&
fit=crop"[39m
        [36m/>[39m
        [36m<div[39m
          [33mclass[3
9m=[32m"relative z-10 
p-16 flex flex-col 
justify-end 
h-full"[39m
        [36m>[39m
          
[36m<div[39m
            [33mclass
[39m=[32m"bg-white/10 
backdrop-blur-md 
border border-white/20 
p-8 rounded-3xl 
max-w-lg"[39m
          [36m>[39m
            
[36m<svg[39m
              [33maria
-hidden[39m=[32m"true
"[39m
              [33mclas
s[39m=[32m"lucide 
lucide-leaf 
text-orange-400 
mb-6"[39m
              [33mfill
[39m=[32m"none"[39m
              [33mheig
ht[39m=[32m"40"[39m
              [33mstro
ke[39m=[32m"currentCo
lor"[39m
              [33mstro
ke-linecap[39m=[32m"r
ound"[39m
              [33mstro
ke-linejoin[39m=[32m"
round"[39m
              [33mstro
ke-width[39m=[32m"2"
[39m
              [33mview
Box[39m=[32m"0 0 24 
24"[39m
              [33mwidt
h[39m=[32m"40"[39m
              [33mxmln
s[39m=[32m"http://www
.w3.org/2000/svg"[39m
            [36m>[39m
              
[36m<path[39m
                
[33md[39m=[32m"M11 
20A7 7 0 0 1 9.8 
6.1C15.5 5 17 4.48 19 
2c1 2 2 4.18 2 8 0 
5.5-4.78 10-10 
10Z"[39m
              
[36m/>[39m
              
[36m<path[39m
                
[33md[39m=[32m"M2 
21c0-3 1.85-5.36 
5.08-6C9.5 14.52 12 13 
13 12"[39m
              
[36m/>[39m
            
[36m</svg>[39m
            
[36m<h3[39m
              [33mclas
s[39m=[32m"text-2xl 
font-bold text-white 
mb-4 leading-snug"[39m
            [36m>[39m
              
[0m"GiveBite 
transformed how we 
handle our surplus. 
ItΓÇÖs not just a 
platform; itΓÇÖs a 
vital logistics 
network."[0m
            
[36m</h3>[39m
            
[36m<p[39m
              [33mclas
s[39m=[32m"text-emera
ld-100 
font-medium"[39m
            [36m>[39m
              [0mΓÇö 
Tirupathi Reddy, 
Operations Director[0m
            
[36m</p>[39m
          
[36m</div>[39m
        
[36m</div>[39m
      [36m</div>[39m
    [36m</div>[39m
  [36m</div>[39m
[36m</body>[39m
[90m [2mΓ¥»[22m 
Object.getElementError 
node_modules/@testing-l
ibrary/dom/dist/config.
js:[2m37:19[22m[39m
[90m [2mΓ¥»[22m node
_modules/@testing-libra
ry/dom/dist/query-helpe
rs.js:[2m76:38[22m[3
9m
[90m [2mΓ¥»[22m node
_modules/@testing-libra
ry/dom/dist/query-helpe
rs.js:[2m52:17[22m[3
9m
[90m [2mΓ¥»[22m node
_modules/@testing-libra
ry/dom/dist/query-helpe
rs.js:[2m95:19[22m[3
9m
[36m [2mΓ¥»[22m src/
tests/Login.test.jsx:[
2m100:33[22m[39m
    [90m 98| [39m    
    [34mrenderLogin[3
9m()[33m;[39m
    [90m 99| [39m    
    
    [90m100| [39m    
    fireEvent.change(sc
reen.getByPlaceholderTe
xt(/john@example.comΓÇª
    [90m   | [39m    
                       
     [31m^[39m
    [90m101| [39m    
    fireEvent.change(sc
reen.getByPlaceholderTe
xt(/ΓÇóΓÇóΓÇóΓÇóΓÇóΓÇóΓ
ÇóΓÇó/i), { tΓÇª
    [90m102| [39m    
    

[31m[2mΓÄ»ΓÄ»ΓÄ»ΓÄ»ΓÄ
»ΓÄ»ΓÄ»ΓÄ»ΓÄ»ΓÄ»ΓÄ»ΓÄ»Γ
Ä»ΓÄ»ΓÄ»ΓÄ»ΓÄ»ΓÄ»ΓÄ»ΓÄ»
ΓÄ»ΓÄ»ΓÄ»ΓÄ»[4/4]ΓÄ»[2
2m[39m

